Archive member included because of file (symbol)

d:/programy/mikrokontrolery/arm/yagarto/bin/../lib/gcc/arm-elf/4.3.3/../../../../arm-elf/lib\libc.a(lib_a-memcpy.o)
                              ./SRC/RTOS/queue.o (memcpy)
d:/programy/mikrokontrolery/arm/yagarto/bin/../lib/gcc/arm-elf/4.3.3/../../../../arm-elf/lib\libc.a(lib_a-memset.o)
                              ./SRC/RTOS/tasks.o (memset)
d:/programy/mikrokontrolery/arm/yagarto/bin/../lib/gcc/arm-elf/4.3.3/../../../../arm-elf/lib\libc.a(lib_a-sprintf.o)
                              ./SRC/RTOS/tasks.o (sprintf)
d:/programy/mikrokontrolery/arm/yagarto/bin/../lib/gcc/arm-elf/4.3.3/../../../../arm-elf/lib\libc.a(lib_a-strcat.o)
                              ./SRC/RTOS/tasks.o (strcat)
d:/programy/mikrokontrolery/arm/yagarto/bin/../lib/gcc/arm-elf/4.3.3/../../../../arm-elf/lib\libc.a(lib_a-strcpy.o)
                              d:/programy/mikrokontrolery/arm/yagarto/bin/../lib/gcc/arm-elf/4.3.3/../../../../arm-elf/lib\libc.a(lib_a-strcat.o) (strcpy)
d:/programy/mikrokontrolery/arm/yagarto/bin/../lib/gcc/arm-elf/4.3.3/../../../../arm-elf/lib\libc.a(lib_a-strlen.o)
                              ./SRC/RTOS/tasks.o (strlen)
d:/programy/mikrokontrolery/arm/yagarto/bin/../lib/gcc/arm-elf/4.3.3/../../../../arm-elf/lib\libc.a(lib_a-strncpy.o)
                              ./SRC/RTOS/tasks.o (strncpy)
d:/programy/mikrokontrolery/arm/yagarto/bin/../lib/gcc/arm-elf/4.3.3/../../../../arm-elf/lib\libc.a(lib_a-svfprintf.o)
                              d:/programy/mikrokontrolery/arm/yagarto/bin/../lib/gcc/arm-elf/4.3.3/../../../../arm-elf/lib\libc.a(lib_a-sprintf.o) (_svfprintf_r)
d:/programy/mikrokontrolery/arm/yagarto/bin/../lib/gcc/arm-elf/4.3.3/../../../../arm-elf/lib\libc.a(lib_a-dtoa.o)
                              d:/programy/mikrokontrolery/arm/yagarto/bin/../lib/gcc/arm-elf/4.3.3/../../../../arm-elf/lib\libc.a(lib_a-svfprintf.o) (_dtoa_r)
d:/programy/mikrokontrolery/arm/yagarto/bin/../lib/gcc/arm-elf/4.3.3/../../../../arm-elf/lib\libc.a(lib_a-freer.o)
                              d:/programy/mikrokontrolery/arm/yagarto/bin/../lib/gcc/arm-elf/4.3.3/../../../../arm-elf/lib\libc.a(lib_a-svfprintf.o) (_free_r)
d:/programy/mikrokontrolery/arm/yagarto/bin/../lib/gcc/arm-elf/4.3.3/../../../../arm-elf/lib\libc.a(lib_a-impure.o)
                              d:/programy/mikrokontrolery/arm/yagarto/bin/../lib/gcc/arm-elf/4.3.3/../../../../arm-elf/lib\libc.a(lib_a-sprintf.o) (_impure_ptr)
d:/programy/mikrokontrolery/arm/yagarto/bin/../lib/gcc/arm-elf/4.3.3/../../../../arm-elf/lib\libc.a(lib_a-locale.o)
                              d:/programy/mikrokontrolery/arm/yagarto/bin/../lib/gcc/arm-elf/4.3.3/../../../../arm-elf/lib\libc.a(lib_a-svfprintf.o) (_localeconv_r)
d:/programy/mikrokontrolery/arm/yagarto/bin/../lib/gcc/arm-elf/4.3.3/../../../../arm-elf/lib\libc.a(lib_a-mallocr.o)
                              d:/programy/mikrokontrolery/arm/yagarto/bin/../lib/gcc/arm-elf/4.3.3/../../../../arm-elf/lib\libc.a(lib_a-svfprintf.o) (_malloc_r)
d:/programy/mikrokontrolery/arm/yagarto/bin/../lib/gcc/arm-elf/4.3.3/../../../../arm-elf/lib\libc.a(lib_a-memchr.o)
                              d:/programy/mikrokontrolery/arm/yagarto/bin/../lib/gcc/arm-elf/4.3.3/../../../../arm-elf/lib\libc.a(lib_a-svfprintf.o) (memchr)
d:/programy/mikrokontrolery/arm/yagarto/bin/../lib/gcc/arm-elf/4.3.3/../../../../arm-elf/lib\libc.a(lib_a-memmove.o)
                              d:/programy/mikrokontrolery/arm/yagarto/bin/../lib/gcc/arm-elf/4.3.3/../../../../arm-elf/lib\libc.a(lib_a-svfprintf.o) (memmove)
d:/programy/mikrokontrolery/arm/yagarto/bin/../lib/gcc/arm-elf/4.3.3/../../../../arm-elf/lib\libc.a(lib_a-mlock.o)
                              d:/programy/mikrokontrolery/arm/yagarto/bin/../lib/gcc/arm-elf/4.3.3/../../../../arm-elf/lib\libc.a(lib_a-freer.o) (__malloc_lock)
d:/programy/mikrokontrolery/arm/yagarto/bin/../lib/gcc/arm-elf/4.3.3/../../../../arm-elf/lib\libc.a(lib_a-mprec.o)
                              d:/programy/mikrokontrolery/arm/yagarto/bin/../lib/gcc/arm-elf/4.3.3/../../../../arm-elf/lib\libc.a(lib_a-dtoa.o) (_Bfree)
d:/programy/mikrokontrolery/arm/yagarto/bin/../lib/gcc/arm-elf/4.3.3/../../../../arm-elf/lib\libc.a(lib_a-reallocr.o)
                              d:/programy/mikrokontrolery/arm/yagarto/bin/../lib/gcc/arm-elf/4.3.3/../../../../arm-elf/lib\libc.a(lib_a-svfprintf.o) (_realloc_r)
d:/programy/mikrokontrolery/arm/yagarto/bin/../lib/gcc/arm-elf/4.3.3/../../../../arm-elf/lib\libc.a(lib_a-s_isinfd.o)
                              d:/programy/mikrokontrolery/arm/yagarto/bin/../lib/gcc/arm-elf/4.3.3/../../../../arm-elf/lib\libc.a(lib_a-svfprintf.o) (__isinfd)
d:/programy/mikrokontrolery/arm/yagarto/bin/../lib/gcc/arm-elf/4.3.3/../../../../arm-elf/lib\libc.a(lib_a-s_isnand.o)
                              d:/programy/mikrokontrolery/arm/yagarto/bin/../lib/gcc/arm-elf/4.3.3/../../../../arm-elf/lib\libc.a(lib_a-svfprintf.o) (__isnand)
[...]
Memory Configuration

Name             Origin             Length             Attributes
ROM              0x00100000         0x00040000         xr
RAM              0x00200000         0x00010000         xrw
*default*        0x00000000         0xffffffff

Linker script and memory map

LOAD ./SRC/startup.o
LOAD ./SRC/low_level_init.o
LOAD ./SRC/main.o
LOAD ./SRC/RTOS/lib_AT91SAM7X256.o
LOAD ./SRC/RTOS/port.o
LOAD ./SRC/RTOS/portISR.o
LOAD ./SRC/RTOS/croutine.o
LOAD ./SRC/RTOS/heap_2.o
LOAD ./SRC/RTOS/list.o
LOAD ./SRC/RTOS/queue.o
LOAD ./SRC/RTOS/tasks.o
START GROUP
LOAD d:/programy/mikrokontrolery/arm/yagarto/bin/../lib/gcc/arm-elf/4.3.3\libgcc.a
LOAD d:/programy/mikrokontrolery/arm/yagarto/bin/../lib/gcc/arm-elf/4.3.3/../../../../arm-elf/lib\libc.a
END GROUP
                0x00000200                C_STACK_SIZE = 0x200
                0x00000080                IRQ_STACK_SIZE = 0x80
                0x00000080                FIQ_STACK_SIZE = 0x80
                0x00000080                SVC_STACK_SIZE = 0x80
                0x00000000                ABT_STACK_SIZE = 0x0
                0x00000000                UND_STACK_SIZE = 0x0

.reset          0x00100000      0x170
 *startup.o(.text)
 .text          0x00100000      0x170 ./SRC/startup.o
                0x0010011c                FIQHandler
                0x00100110                PAbortHandler
                0x001000f8                ExitFunction
                0x0010010c                SWIHandler
                0x00100114                DAbortHandler
                0x00100000                _start
                0x00100118                IRQHandler
                0x00100108                UndefHandler
                0x00100170                . = ALIGN (0x4)

.ramvect        0x00200000       0x40
                0x00200000                __ram_start = .
                0x00200040                . = 0x40
 *fill*         0x00200000       0x40 00

.fastcode       0x00200040        0x0 load address 0x00100170
                0x00100170                __fastcode_load = LOADADDR (.fastcode)
                0x00200040                __fastcode_start = .
 *(.glue_7t)
 .glue_7t       0x00200040        0x0 ./SRC/startup.o
 .glue_7t       0x00200040        0x0 ./SRC/low_level_init.o
 .glue_7t       0x00200040        0x0 ./SRC/main.o
 .glue_7t       0x00200040        0x0 ./SRC/RTOS/lib_AT91SAM7X256.o
 .glue_7t       0x00200040        0x0 ./SRC/RTOS/port.o
 .glue_7t       0x00200040        0x0 ./SRC/RTOS/portISR.o
 .glue_7t       0x00200040        0x0 ./SRC/RTOS/croutine.o
 .glue_7t       0x00200040        0x0 ./SRC/RTOS/heap_2.o
 .glue_7t       0x00200040        0x0 ./SRC/RTOS/list.o
 .glue_7t       0x00200040        0x0 ./SRC/RTOS/queue.o
 .glue_7t       0x00200040        0x0 ./SRC/RTOS/tasks.o
 .glue_7t       0x00200040        0x0 d:/programy/mikrokontrolery/arm/yagarto/bin/../lib/gcc/arm-elf/4.3.3/../../../../arm-elf/lib\libc.a(lib_a-memcpy.o)
 .glue_7t       0x00200040        0x0 d:/programy/mikrokontrolery/arm/yagarto/bin/../lib/gcc/arm-elf/4.3.3/../../../../arm-elf/lib\libc.a(lib_a-memset.o)
 .glue_7t       0x00200040        0x0 d:/programy/mikrokontrolery/arm/yagarto/bin/../lib/gcc/arm-elf/4.3.3/../../../../arm-elf/lib\libc.a(lib_a-sprintf.o)
 .glue_7t       0x00200040        0x0 d:/programy/mikrokontrolery/arm/yagarto/bin/../lib/gcc/arm-elf/4.3.3/../../../../arm-elf/lib\libc.a(lib_a-strcat.o)
 .glue_7t       0x00200040        0x0 d:/programy/mikrokontrolery/arm/yagarto/bin/../lib/gcc/arm-elf/4.3.3/../../../../arm-elf/lib\libc.a(lib_a-strcpy.o)
 .glue_7t       0x00200040        0x0 d:/programy/mikrokontrolery/arm/yagarto/bin/../lib/gcc/arm-elf/4.3.3/../../../../arm-elf/lib\libc.a(lib_a-strlen.o)
 .glue_7t       0x00200040        0x0 d:/programy/mikrokontrolery/arm/yagarto/bin/../lib/gcc/arm-elf/4.3.3/../../../../arm-elf/lib\libc.a(lib_a-strncpy.o)
 .glue_7t       0x00200040        0x0 d:/programy/mikrokontrolery/arm/yagarto/bin/../lib/gcc/arm-elf/4.3.3/../../../../arm-elf/lib\libc.a(lib_a-svfprintf.o)
 .glue_7t       0x00200040        0x0 d:/programy/mikrokontrolery/arm/yagarto/bin/../lib/gcc/arm-elf/4.3.3/../../../../arm-elf/lib\libc.a(lib_a-dtoa.o)
 .glue_7t       0x00200040        0x0 d:/programy/mikrokontrolery/arm/yagarto/bin/../lib/gcc/arm-elf/4.3.3/../../../../arm-elf/lib\libc.a(lib_a-freer.o)
 .glue_7t       0x00200040        0x0 d:/programy/mikrokontrolery/arm/yagarto/bin/../lib/gcc/arm-elf/4.3.3/../../../../arm-elf/lib\libc.a(lib_a-impure.o)
 .glue_7t       0x00200040        0x0 d:/programy/mikrokontrolery/arm/yagarto/bin/../lib/gcc/arm-elf/4.3.3/../../../../arm-elf/lib\libc.a(lib_a-locale.o)
 .glue_7t       0x00200040        0x0 d:/programy/mikrokontrolery/arm/yagarto/bin/../lib/gcc/arm-elf/4.3.3/../../../../arm-elf/lib\libc.a(lib_a-mallocr.o)
 .glue_7t       0x00200040        0x0 d:/programy/mikrokontrolery/arm/yagarto/bin/../lib/gcc/arm-elf/4.3.3/../../../../arm-elf/lib\libc.a(lib_a-memchr.o)
 .glue_7t       0x00200040        0x0 d:/programy/mikrokontrolery/arm/yagarto/bin/../lib/gcc/arm-elf/4.3.3/../../../../arm-elf/lib\libc.a(lib_a-memmove.o)
 .glue_7t       0x00200040        0x0 d:/programy/mikrokontrolery/arm/yagarto/bin/../lib/gcc/arm-elf/4.3.3/../../../../arm-elf/lib\libc.a(lib_a-mlock.o)
 .glue_7t       0x00200040        0x0 d:/programy/mikrokontrolery/arm/yagarto/bin/../lib/gcc/arm-elf/4.3.3/../../../../arm-elf/lib\libc.a(lib_a-mprec.o)
 .glue_7t       0x00200040        0x0 d:/programy/mikrokontrolery/arm/yagarto/bin/../lib/gcc/arm-elf/4.3.3/../../../../arm-elf/lib\libc.a(lib_a-reallocr.o)
 .glue_7t       0x00200040        0x0 d:/programy/mikrokontrolery/arm/yagarto/bin/../lib/gcc/arm-elf/4.3.3/../../../../arm-elf/lib\libc.a(lib_a-s_isinfd.o)
 .glue_7t       0x00200040        0x0 d:/programy/mikrokontrolery/arm/yagarto/bin/../lib/gcc/arm-elf/4.3.3/../../../../arm-elf/lib\libc.a(lib_a-s_isnand.o)
 .glue_7t       0x00200040        0x0 d:/programy/mikrokontrolery/arm/yagarto/bin/../lib/gcc/arm-elf/4.3.3/../../../../arm-elf/lib\libc.a(lib_a-sbrkr.o)
 .glue_7t       0x00200040        0x0 d:/programy/mikrokontrolery/arm/yagarto/bin/../lib/gcc/arm-elf/4.3.3/../../../../arm-elf/lib\libc.a(lib_a-strcmp.o)
 .glue_7t       0x00200040        0x0 d:/programy/mikrokontrolery/arm/yagarto/bin/../lib/gcc/arm-elf/4.3.3/../../../../arm-elf/lib\libc.a(lib_a-syscalls.o)
 .glue_7t       0x00200040        0x0 d:/programy/mikrokontrolery/arm/yagarto/bin/../lib/gcc/arm-elf/4.3.3/../../../../arm-elf/lib\libc.a(lib_a-callocr.o)
 .glue_7t       0x00200040        0x0 d:/programy/mikrokontrolery/arm/yagarto/bin/../lib/gcc/arm-elf/4.3.3/../../../../arm-elf/lib\libc.a(lib_a-errno.o)
 .glue_7t       0x00200040        0x0 d:/programy/mikrokontrolery/arm/yagarto/bin/../lib/gcc/arm-elf/4.3.3/../../../../arm-elf/lib\libc.a(lib_a-findfp.o)
 .glue_7t       0x00200040        0x0 d:/programy/mikrokontrolery/arm/yagarto/bin/../lib/gcc/arm-elf/4.3.3/../../../../arm-elf/lib\libc.a(lib_a-fwalk.o)
 .glue_7t       0x00200040        0x0 d:/programy/mikrokontrolery/arm/yagarto/bin/../lib/gcc/arm-elf/4.3.3/../../../../arm-elf/lib\libc.a(lib_a-reent.o)
 .glue_7t       0x00200040        0x0 d:/programy/mikrokontrolery/arm/yagarto/bin/../lib/gcc/arm-elf/4.3.3/../../../../arm-elf/lib\libc.a(lib_a-stdio.o)
 .glue_7t       0x00200040        0x0 d:/programy/mikrokontrolery/arm/yagarto/bin/../lib/gcc/arm-elf/4.3.3/../../../../arm-elf/lib\libc.a(lib_a-writer.o)
 .glue_7t       0x00200040        0x0 d:/programy/mikrokontrolery/arm/yagarto/bin/../lib/gcc/arm-elf/4.3.3/../../../../arm-elf/lib\libc.a(lib_a-closer.o)
 .glue_7t       0x00200040        0x0 d:/programy/mikrokontrolery/arm/yagarto/bin/../lib/gcc/arm-elf/4.3.3/../../../../arm-elf/lib\libc.a(lib_a-fclose.o)
 .glue_7t       0x00200040        0x0 d:/programy/mikrokontrolery/arm/yagarto/bin/../lib/gcc/arm-elf/4.3.3/../../../../arm-elf/lib\libc.a(lib_a-fflush.o)
 .glue_7t       0x00200040        0x0 d:/programy/mikrokontrolery/arm/yagarto/bin/../lib/gcc/arm-elf/4.3.3/../../../../arm-elf/lib\libc.a(lib_a-lseekr.o)
 .glue_7t       0x00200040        0x0 d:/programy/mikrokontrolery/arm/yagarto/bin/../lib/gcc/arm-elf/4.3.3/../../../../arm-elf/lib\libc.a(lib_a-readr.o)
 .glue_7t       0x00200040        0x0 d:/programy/mikrokontrolery/arm/yagarto/bin/../lib/gcc/arm-elf/4.3.3\libgcc.a(_udivsi3.o)
 .glue_7t       0x00200040        0x0 d:/programy/mikrokontrolery/arm/yagarto/bin/../lib/gcc/arm-elf/4.3.3\libgcc.a(_dvmd_tls.o)
 .glue_7t       0x00200040        0x0 d:/programy/mikrokontrolery/arm/yagarto/bin/../lib/gcc/arm-elf/4.3.3\libgcc.a(_addsubdf3.o)
 .glue_7t       0x00200040        0x0 d:/programy/mikrokontrolery/arm/yagarto/bin/../lib/gcc/arm-elf/4.3.3\libgcc.a(_muldivdf3.o)
 .glue_7t       0x00200040        0x0 d:/programy/mikrokontrolery/arm/yagarto/bin/../lib/gcc/arm-elf/4.3.3\libgcc.a(_cmpdf2.o)
 .glue_7t       0x00200040        0x0 d:/programy/mikrokontrolery/arm/yagarto/bin/../lib/gcc/arm-elf/4.3.3\libgcc.a(_fixdfsi.o)
 *(.glue_7)
 .glue_7        0x00200040        0x0 ./SRC/startup.o
 .glue_7        0x00200040        0x0 ./SRC/low_level_init.o
 .glue_7        0x00200040        0x0 ./SRC/main.o
 .glue_7        0x00200040        0x0 ./SRC/RTOS/lib_AT91SAM7X256.o
 .glue_7        0x00200040        0x0 ./SRC/RTOS/port.o
 .glue_7        0x00200040        0x0 ./SRC/RTOS/portISR.o
 .glue_7        0x00200040        0x0 ./SRC/RTOS/croutine.o
 .glue_7        0x00200040        0x0 ./SRC/RTOS/heap_2.o
 .glue_7        0x00200040        0x0 ./SRC/RTOS/list.o
 .glue_7        0x00200040        0x0 ./SRC/RTOS/queue.o
 .glue_7        0x00200040        0x0 ./SRC/RTOS/tasks.o
 .glue_7        0x00200040        0x0 d:/programy/mikrokontrolery/arm/yagarto/bin/../lib/gcc/arm-elf/4.3.3/../../../../arm-elf/lib\libc.a(lib_a-memcpy.o)
 .glue_7        0x00200040        0x0 d:/programy/mikrokontrolery/arm/yagarto/bin/../lib/gcc/arm-elf/4.3.3/../../../../arm-elf/lib\libc.a(lib_a-memset.o)
 .glue_7        0x00200040        0x0 d:/programy/mikrokontrolery/arm/yagarto/bin/../lib/gcc/arm-elf/4.3.3/../../../../arm-elf/lib\libc.a(lib_a-sprintf.o)
 .glue_7        0x00200040        0x0 d:/programy/mikrokontrolery/arm/yagarto/bin/../lib/gcc/arm-elf/4.3.3/../../../../arm-elf/lib\libc.a(lib_a-strcat.o)
 .glue_7        0x00200040        0x0 d:/programy/mikrokontrolery/arm/yagarto/bin/../lib/gcc/arm-elf/4.3.3/../../../../arm-elf/lib\libc.a(lib_a-strcpy.o)
 .glue_7        0x00200040        0x0 d:/programy/mikrokontrolery/arm/yagarto/bin/../lib/gcc/arm-elf/4.3.3/../../../../arm-elf/lib\libc.a(lib_a-strlen.o)
 .glue_7        0x00200040        0x0 d:/programy/mikrokontrolery/arm/yagarto/bin/../lib/gcc/arm-elf/4.3.3/../../../../arm-elf/lib\libc.a(lib_a-strncpy.o)
 .glue_7        0x00200040        0x0 d:/programy/mikrokontrolery/arm/yagarto/bin/../lib/gcc/arm-elf/4.3.3/../../../../arm-elf/lib\libc.a(lib_a-svfprintf.o)
 .glue_7        0x00200040        0x0 d:/programy/mikrokontrolery/arm/yagarto/bin/../lib/gcc/arm-elf/4.3.3/../../../../arm-elf/lib\libc.a(lib_a-dtoa.o)
 .glue_7        0x00200040        0x0 d:/programy/mikrokontrolery/arm/yagarto/bin/../lib/gcc/arm-elf/4.3.3/../../../../arm-elf/lib\libc.a(lib_a-freer.o)
 .glue_7        0x00200040        0x0 d:/programy/mikrokontrolery/arm/yagarto/bin/../lib/gcc/arm-elf/4.3.3/../../../../arm-elf/lib\libc.a(lib_a-impure.o)
 .glue_7        0x00200040        0x0 d:/programy/mikrokontrolery/arm/yagarto/bin/../lib/gcc/arm-elf/4.3.3/../../../../arm-elf/lib\libc.a(lib_a-locale.o)
 .glue_7        0x00200040        0x0 d:/programy/mikrokontrolery/arm/yagarto/bin/../lib/gcc/arm-elf/4.3.3/../../../../arm-elf/lib\libc.a(lib_a-mallocr.o)
 .glue_7        0x00200040        0x0 d:/programy/mikrokontrolery/arm/yagarto/bin/../lib/gcc/arm-elf/4.3.3/../../../../arm-elf/lib\libc.a(lib_a-memchr.o)
 .glue_7        0x00200040        0x0 d:/programy/mikrokontrolery/arm/yagarto/bin/../lib/gcc/arm-elf/4.3.3/../../../../arm-elf/lib\libc.a(lib_a-memmove.o)
 .glue_7        0x00200040        0x0 d:/programy/mikrokontrolery/arm/yagarto/bin/../lib/gcc/arm-elf/4.3.3/../../../../arm-elf/lib\libc.a(lib_a-mlock.o)
 .glue_7        0x00200040        0x0 d:/programy/mikrokontrolery/arm/yagarto/bin/../lib/gcc/arm-elf/4.3.3/../../../../arm-elf/lib\libc.a(lib_a-mprec.o)
 .glue_7        0x00200040        0x0 d:/programy/mikrokontrolery/arm/yagarto/bin/../lib/gcc/arm-elf/4.3.3/../../../../arm-elf/lib\libc.a(lib_a-reallocr.o)
 .glue_7        0x00200040        0x0 d:/programy/mikrokontrolery/arm/yagarto/bin/../lib/gcc/arm-elf/4.3.3/../../../../arm-elf/lib\libc.a(lib_a-s_isinfd.o)
 .glue_7        0x00200040        0x0 d:/programy/mikrokontrolery/arm/yagarto/bin/../lib/gcc/arm-elf/4.3.3/../../../../arm-elf/lib\libc.a(lib_a-s_isnand.o)
 .glue_7        0x00200040        0x0 d:/programy/mikrokontrolery/arm/yagarto/bin/../lib/gcc/arm-elf/4.3.3/../../../../arm-elf/lib\libc.a(lib_a-sbrkr.o)
 .glue_7        0x00200040        0x0 d:/programy/mikrokontrolery/arm/yagarto/bin/../lib/gcc/arm-elf/4.3.3/../../../../arm-elf/lib\libc.a(lib_a-strcmp.o)
 .glue_7        0x00200040        0x0 d:/programy/mikrokontrolery/arm/yagarto/bin/../lib/gcc/arm-elf/4.3.3/../../../../arm-elf/lib\libc.a(lib_a-syscalls.o)
 .glue_7        0x00200040        0x0 d:/programy/mikrokontrolery/arm/yagarto/bin/../lib/gcc/arm-elf/4.3.3/../../../../arm-elf/lib\libc.a(lib_a-callocr.o)
 .glue_7        0x00200040        0x0 d:/programy/mikrokontrolery/arm/yagarto/bin/../lib/gcc/arm-elf/4.3.3/../../../../arm-elf/lib\libc.a(lib_a-errno.o)
 .glue_7        0x00200040        0x0 d:/programy/mikrokontrolery/arm/yagarto/bin/../lib/gcc/arm-elf/4.3.3/../../../../arm-elf/lib\libc.a(lib_a-findfp.o)
 .glue_7        0x00200040        0x0 d:/programy/mikrokontrolery/arm/yagarto/bin/../lib/gcc/arm-elf/4.3.3/../../../../arm-elf/lib\libc.a(lib_a-fwalk.o)
 .glue_7        0x00200040        0x0 d:/programy/mikrokontrolery/arm/yagarto/bin/../lib/gcc/arm-elf/4.3.3/../../../../arm-elf/lib\libc.a(lib_a-reent.o)
 .glue_7        0x00200040        0x0 d:/programy/mikrokontrolery/arm/yagarto/bin/../lib/gcc/arm-elf/4.3.3/../../../../arm-elf/lib\libc.a(lib_a-stdio.o)
 .glue_7        0x00200040        0x0 d:/programy/mikrokontrolery/arm/yagarto/bin/../lib/gcc/arm-elf/4.3.3/../../../../arm-elf/lib\libc.a(lib_a-writer.o)
 .glue_7        0x00200040        0x0 d:/programy/mikrokontrolery/arm/yagarto/bin/../lib/gcc/arm-elf/4.3.3/../../../../arm-elf/lib\libc.a(lib_a-closer.o)
 .glue_7        0x00200040        0x0 d:/programy/mikrokontrolery/arm/yagarto/bin/../lib/gcc/arm-elf/4.3.3/../../../../arm-elf/lib\libc.a(lib_a-fclose.o)
 .glue_7        0x00200040        0x0 d:/programy/mikrokontrolery/arm/yagarto/bin/../lib/gcc/arm-elf/4.3.3/../../../../arm-elf/lib\libc.a(lib_a-fflush.o)
 .glue_7        0x00200040        0x0 d:/programy/mikrokontrolery/arm/yagarto/bin/../lib/gcc/arm-elf/4.3.3/../../../../arm-elf/lib\libc.a(lib_a-lseekr.o)
 .glue_7        0x00200040        0x0 d:/programy/mikrokontrolery/arm/yagarto/bin/../lib/gcc/arm-elf/4.3.3/../../../../arm-elf/lib\libc.a(lib_a-readr.o)
 .glue_7        0x00200040        0x0 d:/programy/mikrokontrolery/arm/yagarto/bin/../lib/gcc/arm-elf/4.3.3\libgcc.a(_udivsi3.o)
 .glue_7        0x00200040        0x0 d:/programy/mikrokontrolery/arm/yagarto/bin/../lib/gcc/arm-elf/4.3.3\libgcc.a(_dvmd_tls.o)
 .glue_7        0x00200040        0x0 d:/programy/mikrokontrolery/arm/yagarto/bin/../lib/gcc/arm-elf/4.3.3\libgcc.a(_addsubdf3.o)
 .glue_7        0x00200040        0x0 d:/programy/mikrokontrolery/arm/yagarto/bin/../lib/gcc/arm-elf/4.3.3\libgcc.a(_muldivdf3.o)
 .glue_7        0x00200040        0x0 d:/programy/mikrokontrolery/arm/yagarto/bin/../lib/gcc/arm-elf/4.3.3\libgcc.a(_cmpdf2.o)
 .glue_7        0x00200040        0x0 d:/programy/mikrokontrolery/arm/yagarto/bin/../lib/gcc/arm-elf/4.3.3\libgcc.a(_fixdfsi.o)
 *isr.o(.text.*)
 *(.text.fastcode)
 *(.text.Blinky_dispatch)
                0x00200040                . = ALIGN (0x4)
                0x00200040                __fastcode_end = .

.text           0x00100170     0xbd94
 CREATE_OBJECT_SYMBOLS
 *(.text .text.* .gnu.linkonce.t.*)
 .text          0x00100170      0x2c8 ./SRC/low_level_init.o
                0x00100170                low_level_init
 .text          0x00100438        0xc ./SRC/main.o
                0x00100438                main
 .text          0x00100444        0x0 ./SRC/RTOS/lib_AT91SAM7X256.o
 .text          0x00100444      0x2dc ./SRC/RTOS/port.o
                0x00100678                xPortStartScheduler
                0x00100694                vPortEndScheduler
                0x00100444                pxPortInitialiseStack
 .text          0x00100720      0x27c ./SRC/RTOS/portISR.o
                0x00100820                vPreemptiveTick
                0x00100944                vPortExitCritical
                0x00100774                vPortYieldProcessor
                0x001008e4                vPortDisableInterruptsFromThumb
                0x00100720                vPortISRStartFirstTask
                0x001008fc                vPortEnableInterruptsFromThumb
                0x00100914                vPortEnterCritical
 .text          0x0010099c      0x7a4 ./SRC/RTOS/croutine.o
                0x00101090                xCoRoutineRemoveFromEventList
                0x0010099c                xCoRoutineCreate
                0x00100ed0                vCoRoutineSchedule
                0x00100b04                vCoRoutineAddToDelayedList
 .text          0x00101140      0x360 ./SRC/RTOS/heap_2.o
                0x00101488                xPortGetFreeHeapSize
                0x001013b4                vPortFree
                0x00101140                pvPortMalloc
                0x0010149c                vPortInitialiseBlocks
 .text          0x001014a0      0x258 ./SRC/RTOS/list.o
                0x00101520                vListInsertEnd
                0x00101670                vListRemove
                0x00101504                vListInitialiseItem
                0x001014a0                vListInitialise
                0x001015a8                vListInsert
 .text          0x001016f8      0xc3c ./SRC/RTOS/queue.o
                0x00101ad8                xQueueGenericSendFromISR
                0x001016f8                xQueueCreate
                0x00101f34                vQueueDelete
                0x00101924                xQueueGenericSend
                0x00101e08                xQueueReceiveFromISR
                0x001022fc                xQueueIsQueueFullFromISR
                0x00101edc                uxQueueMessagesWaiting
                0x00101ba8                xQueueGenericReceive
                0x00101f10                uxQueueMessagesWaitingFromISR
                0x00102284                xQueueIsQueueEmptyFromISR
                0x0010184c                xQueueCreateMutex
 .text          0x00102334     0x1e9c ./SRC/RTOS/tasks.o
                0x001028f0                uxTaskPriorityGet
                0x00102954                vTaskPrioritySet
                0x00102ef0                vTaskEndScheduler
                0x0010371c                vTaskPlaceOnEventList
                0x00102334                xTaskGenericCreate
                0x00102be4                xTaskIsTaskSuspended
                0x00102d44                xTaskResumeFromISR
                0x00103350                ulTaskEndTrace
                0x00103120                xTaskGetTickCount
                0x00103820                xTaskRemoveFromEventList
                0x001032e0                vTaskStartTrace
                0x00102584                vTaskDelete
                0x00103990                xTaskCheckForTimeOut
                0x00102f24                vTaskSuspendAll
                0x001040f8                vTaskPriorityDisinherit
                0x00103fd8                vTaskPriorityInherit
                0x00102c54                vTaskResume
                0x00103550                vTaskSwitchContext
                0x00102b20                vTaskSuspend
                0x00103154                uxTaskGetNumberOfTasks
                0x001033a8                vTaskIncrementTick
                0x00103168                vTaskList
                0x0010268c                vTaskDelayUntil
                0x00103fb4                xTaskGetCurrentTaskHandle
                0x00102f40                xTaskResumeAll
                0x00102e50                vTaskStartScheduler
                0x00103a84                vTaskMissedYield
                0x00102804                vTaskDelay
                0x00103958                vTaskSetTimeOutState
 .text          0x001041d0       0xfc d:/programy/mikrokontrolery/arm/yagarto/bin/../lib/gcc/arm-elf/4.3.3/../../../../arm-elf/lib\libc.a(lib_a-memcpy.o)
                0x001041d0                memcpy
 .text          0x001042cc      0x108 d:/programy/mikrokontrolery/arm/yagarto/bin/../lib/gcc/arm-elf/4.3.3/../../../../arm-elf/lib\libc.a(lib_a-memset.o)
                0x001042cc                memset
 .text          0x001043d4       0xcc d:/programy/mikrokontrolery/arm/yagarto/bin/../lib/gcc/arm-elf/4.3.3/../../../../arm-elf/lib\libc.a(lib_a-sprintf.o)
                0x00104440                _sprintf_r
                0x001043d4                sprintf
 .text          0x001044a0       0xa4 d:/programy/mikrokontrolery/arm/yagarto/bin/../lib/gcc/arm-elf/4.3.3/../../../../arm-elf/lib\libc.a(lib_a-strcat.o)
                0x001044a0                strcat
 .text          0x00104544       0xb8 d:/programy/mikrokontrolery/arm/yagarto/bin/../lib/gcc/arm-elf/4.3.3/../../../../arm-elf/lib\libc.a(lib_a-strcpy.o)
                0x00104544                strcpy
 .text          0x001045fc       0xa0 d:/programy/mikrokontrolery/arm/yagarto/bin/../lib/gcc/arm-elf/4.3.3/../../../../arm-elf/lib\libc.a(lib_a-strlen.o)
                0x001045fc                strlen
 .text          0x0010469c      0x10c d:/programy/mikrokontrolery/arm/yagarto/bin/../lib/gcc/arm-elf/4.3.3/../../../../arm-elf/lib\libc.a(lib_a-strncpy.o)
                0x0010469c                strncpy
 .text          0x001047a8     0x1dcc d:/programy/mikrokontrolery/arm/yagarto/bin/../lib/gcc/arm-elf/4.3.3/../../../../arm-elf/lib\libc.a(lib_a-svfprintf.o)
                0x0010493c                _svfprintf_r
 .text          0x00106574     0x16f0 d:/programy/mikrokontrolery/arm/yagarto/bin/../lib/gcc/arm-elf/4.3.3/../../../../arm-elf/lib\libc.a(lib_a-dtoa.o)
                0x0010676c                _dtoa_r
 .text          0x00107c64      0x370 d:/programy/mikrokontrolery/arm/yagarto/bin/../lib/gcc/arm-elf/4.3.3/../../../../arm-elf/lib\libc.a(lib_a-freer.o)
                0x00107d5c                _free_r
                0x00107c64                _malloc_trim_r
 .text          0x00107fd4        0x0 d:/programy/mikrokontrolery/arm/yagarto/bin/../lib/gcc/arm-elf/4.3.3/../../../../arm-elf/lib\libc.a(lib_a-impure.o)
 .text          0x00107fd4       0xa4 d:/programy/mikrokontrolery/arm/yagarto/bin/../lib/gcc/arm-elf/4.3.3/../../../../arm-elf/lib\libc.a(lib_a-locale.o)
                0x00107ffc                _setlocale_r
                0x00107fd4                __locale_charset
                0x00107fe4                _localeconv_r
                0x0010805c                setlocale
                0x00107ff0                localeconv
 .text          0x00108078      0x72c d:/programy/mikrokontrolery/arm/yagarto/bin/../lib/gcc/arm-elf/4.3.3/../../../../arm-elf/lib\libc.a(lib_a-mallocr.o)
                0x00108078                _malloc_r
 .text          0x001087a4      0x104 d:/programy/mikrokontrolery/arm/yagarto/bin/../lib/gcc/arm-elf/4.3.3/../../../../arm-elf/lib\libc.a(lib_a-memchr.o)
                0x001087a4                memchr
 .text          0x001088a8      0x144 d:/programy/mikrokontrolery/arm/yagarto/bin/../lib/gcc/arm-elf/4.3.3/../../../../arm-elf/lib\libc.a(lib_a-memmove.o)
                0x001088a8                memmove
 .text          0x001089ec        0x8 d:/programy/mikrokontrolery/arm/yagarto/bin/../lib/gcc/arm-elf/4.3.3/../../../../arm-elf/lib\libc.a(lib_a-mlock.o)
                0x001089f0                __malloc_unlock
                0x001089ec                __malloc_lock
 .text          0x001089f4      0xda4 d:/programy/mikrokontrolery/arm/yagarto/bin/../lib/gcc/arm-elf/4.3.3/../../../../arm-elf/lib\libc.a(lib_a-mprec.o)
                0x00108cf8                _mprec_log10
                0x00108dd4                __any_on
                0x00108e70                _Balloc
                0x00108c7c                __ratio
                0x001094c0                __i2b
                0x00108bbc                __b2d
                0x001096b4                __s2b
                0x00108afc                __mcmp
                0x00108a10                __hi0bits
                0x001095bc                __pow5mult
                0x001091a4                __lshift
                0x001092c8                __multiply
                0x00108ef4                __d2b
                0x00108d4c                __copybits
                0x00108b5c                __ulp
                0x00109010                __mdiff
                0x00108a68                __lo0bits
                0x001094e0                __multadd
                0x001089f4                _Bfree
 .text          0x00109798      0x510 d:/programy/mikrokontrolery/arm/yagarto/bin/../lib/gcc/arm-elf/4.3.3/../../../../arm-elf/lib\libc.a(lib_a-reallocr.o)
                0x00109798                _realloc_r
 .text          0x00109ca8       0x3c d:/programy/mikrokontrolery/arm/yagarto/bin/../lib/gcc/arm-elf/4.3.3/../../../../arm-elf/lib\libc.a(lib_a-s_isinfd.o)
                0x00109ca8                __isinfd
 .text          0x00109ce4       0x30 d:/programy/mikrokontrolery/arm/yagarto/bin/../lib/gcc/arm-elf/4.3.3/../../../../arm-elf/lib\libc.a(lib_a-s_isnand.o)
                0x00109ce4                __isnand
 .text          0x00109d14       0x38 d:/programy/mikrokontrolery/arm/yagarto/bin/../lib/gcc/arm-elf/4.3.3/../../../../arm-elf/lib\libc.a(lib_a-sbrkr.o)
                0x00109d14                _sbrk_r
 .text          0x00109d4c       0xe8 d:/programy/mikrokontrolery/arm/yagarto/bin/../lib/gcc/arm-elf/4.3.3/../../../../arm-elf/lib\libc.a(lib_a-strcmp.o)
                0x00109d4c                strcmp
 .text          0x00109e34      0x8ec d:/programy/mikrokontrolery/arm/yagarto/bin/../lib/gcc/arm-elf/4.3.3/../../../../arm-elf/lib\libc.a(lib_a-syscalls.o)
                0x00109f5c                _getpid
                0x00109e34                initialise_monitor_handles
                0x0010a6f0                _fstat
                0x0010a32c                _isatty
                0x0010a23c                _open
                0x0010a25c                _sbrk
                0x00109f6c                _raise
                0x00109fb4                _times
                0x0010a6a4                _stat
                0x0010a5b4                _lseek
                0x00109f64                _link
                0x0010a3dc                _swiwrite
                0x0010a030                _rename
                0x0010a4c0                _swilseek
                0x0010a364                _swiclose
                0x0010a15c                _swiopen
                0x0010a118                _unlink
                0x0010a418                _write
                0x00109ee8                _kill
                0x00109f70                _gettimeofday
                0x0010a600                _read
                0x00109f3c                _exit
                0x0010a088                _system
                0x0010a5c4                _swiread
                0x0010a3cc                _close
 .text          0x0010a720       0x9c d:/programy/mikrokontrolery/arm/yagarto/bin/../lib/gcc/arm-elf/4.3.3/../../../../arm-elf/lib\libc.a(lib_a-callocr.o)
                0x0010a720                _calloc_r
 .text          0x0010a7bc       0x10 d:/programy/mikrokontrolery/arm/yagarto/bin/../lib/gcc/arm-elf/4.3.3/../../../../arm-elf/lib\libc.a(lib_a-errno.o)
                0x0010a7bc                __errno
 .text          0x0010a7cc      0x2a4 d:/programy/mikrokontrolery/arm/yagarto/bin/../lib/gcc/arm-elf/4.3.3/../../../../arm-elf/lib\libc.a(lib_a-findfp.o)
                0x0010a8b8                __sinit
                0x0010a934                __sfmoreglue
                0x0010a828                _cleanup
                0x0010a81c                _cleanup_r
                0x0010a804                __fp_lock_all
                0x0010a7cc                __sfp_lock_acquire
                0x0010a97c                __sfp
                0x0010a7d8                __sinit_lock_release
                0x0010a7ec                __fp_unlock_all
                0x0010a7d0                __sfp_lock_release
                0x0010a7d4                __sinit_lock_acquire
 .text          0x0010aa70      0x10c d:/programy/mikrokontrolery/arm/yagarto/bin/../lib/gcc/arm-elf/4.3.3/../../../../arm-elf/lib\libc.a(lib_a-fwalk.o)
                0x0010aaf8                _fwalk
                0x0010aa70                _fwalk_reent
 .text          0x0010ab7c      0x188 d:/programy/mikrokontrolery/arm/yagarto/bin/../lib/gcc/arm-elf/4.3.3/../../../../arm-elf/lib\libc.a(lib_a-reent.o)
                0x0010abf0                cleanup_glue
                0x0010ac18                _reclaim_reent
                0x0010ab7c                _wrapup_reent
 .text          0x0010ad04       0xc0 d:/programy/mikrokontrolery/arm/yagarto/bin/../lib/gcc/arm-elf/4.3.3/../../../../arm-elf/lib\libc.a(lib_a-stdio.o)
                0x0010ad0c                __sseek
                0x0010ad94                __sread
                0x0010ad04                __sclose
                0x0010ad40                __swrite
 .text          0x0010adc4       0x40 d:/programy/mikrokontrolery/arm/yagarto/bin/../lib/gcc/arm-elf/4.3.3/../../../../arm-elf/lib\libc.a(lib_a-writer.o)
                0x0010adc4                _write_r
 .text          0x0010ae04       0x38 d:/programy/mikrokontrolery/arm/yagarto/bin/../lib/gcc/arm-elf/4.3.3/../../../../arm-elf/lib\libc.a(lib_a-closer.o)
                0x0010ae04                _close_r
 .text          0x0010ae3c      0x118 d:/programy/mikrokontrolery/arm/yagarto/bin/../lib/gcc/arm-elf/4.3.3/../../../../arm-elf/lib\libc.a(lib_a-fclose.o)
                0x0010ae3c                _fclose_r
                0x0010af40                fclose
 .text          0x0010af54      0x200 d:/programy/mikrokontrolery/arm/yagarto/bin/../lib/gcc/arm-elf/4.3.3/../../../../arm-elf/lib\libc.a(lib_a-fflush.o)
                0x0010b120                fflush
                0x0010af54                _fflush_r
 .text          0x0010b154       0x40 d:/programy/mikrokontrolery/arm/yagarto/bin/../lib/gcc/arm-elf/4.3.3/../../../../arm-elf/lib\libc.a(lib_a-lseekr.o)
                0x0010b154                _lseek_r
 .text          0x0010b194       0x40 d:/programy/mikrokontrolery/arm/yagarto/bin/../lib/gcc/arm-elf/4.3.3/../../../../arm-elf/lib\libc.a(lib_a-readr.o)
                0x0010b194                _read_r
 .text          0x0010b1d4      0x110 d:/programy/mikrokontrolery/arm/yagarto/bin/../lib/gcc/arm-elf/4.3.3\libgcc.a(_udivsi3.o)
                0x0010b1d4                __udivsi3
                0x0010b1d4                __aeabi_uidiv
                0x0010b2cc                __aeabi_uidivmod
 .text          0x0010b2e4        0x4 d:/programy/mikrokontrolery/arm/yagarto/bin/../lib/gcc/arm-elf/4.3.3\libgcc.a(_dvmd_tls.o)
                0x0010b2e4                __aeabi_ldiv0
                0x0010b2e4                __div0
                0x0010b2e4                __aeabi_idiv0
 .text          0x0010b2e8      0x400 d:/programy/mikrokontrolery/arm/yagarto/bin/../lib/gcc/arm-elf/4.3.3\libgcc.a(_addsubdf3.o)
                0x0010b67c                __floatdidf
                0x0010b5fc                __floatsidf
                0x0010b5d4                __aeabi_ui2d
                0x0010b2e8                __aeabi_drsub
                0x0010b628                __extendsfdf2
                0x0010b2f4                __adddf3
                0x0010b5d4                __floatunsidf
                0x0010b2f4                __aeabi_dadd
                0x0010b668                __aeabi_ul2d
                0x0010b2f0                __aeabi_dsub
                0x0010b668                __floatundidf
                0x0010b5fc                __aeabi_i2d
                0x0010b67c                __aeabi_l2d
                0x0010b628                __aeabi_f2d
                0x0010b2f0                __subdf3
 .text          0x0010b6e8      0x470 d:/programy/mikrokontrolery/arm/yagarto/bin/../lib/gcc/arm-elf/4.3.3\libgcc.a(_muldivdf3.o)
                0x0010b954                __aeabi_ddiv
                0x0010b6e8                __aeabi_dmul
                0x0010b954                __divdf3
                0x0010b6e8                __muldf3
 .text          0x0010bb58      0x128 d:/programy/mikrokontrolery/arm/yagarto/bin/../lib/gcc/arm-elf/4.3.3\libgcc.a(_cmpdf2.o)
                0x0010bc44                __aeabi_dcmple
                0x0010bb68                __cmpdf2
                0x0010bb68                __eqdf2
                0x0010bb58                __gtdf2
                0x0010bc08                __aeabi_cdcmple
                0x0010bbec                __aeabi_cdrcmple
                0x0010bb60                __ltdf2
                0x0010bc30                __aeabi_dcmplt
                0x0010bb60                __ledf2
                0x0010bc6c                __aeabi_dcmpgt
                0x0010bc58                __aeabi_dcmpge
                0x0010bb68                __nedf2
                0x0010bc1c                __aeabi_dcmpeq
                0x0010bc08                __aeabi_cdcmpeq
                0x0010bb58                __gedf2
 .text          0x0010bc80       0x5c d:/programy/mikrokontrolery/arm/yagarto/bin/../lib/gcc/arm-elf/4.3.3\libgcc.a(_fixdfsi.o)
                0x0010bc80                __fixdfsi
                0x0010bc80                __aeabi_d2iz
 *(.plt)
 *(.gnu.warning)
 *(.glue_7t)
 *(.glue_7)
                0x0010bcdc                . = ALIGN (0x4)
 *crtbegin.o(.ctors)
 *(EXCLUDE_FILE(*crtend.o) .ctors)
 *(SORT(.ctors.*))
 *crtend.o(.ctors)
 *crtbegin.o(.dtors)
 *(EXCLUDE_FILE(*crtend.o) .dtors)
 *(SORT(.dtors.*))
 *crtend.o(.dtors)
 *(.rodata .rodata.* .gnu.linkonce.r.*)
 .rodata        0x0010bcdc        0x2 ./SRC/RTOS/heap_2.o
 *fill*         0x0010bcde        0x2 00
 .rodata        0x0010bce0       0x20 ./SRC/RTOS/tasks.o
 .rodata.str1.4
                0x0010bd00       0x5e d:/programy/mikrokontrolery/arm/yagarto/bin/../lib/gcc/arm-elf/4.3.3/../../../../arm-elf/lib\libc.a(lib_a-svfprintf.o)
                                 0x60 (size before relaxing)
 .rodata        0x0010bd5e       0x20 d:/programy/mikrokontrolery/arm/yagarto/bin/../lib/gcc/arm-elf/4.3.3/../../../../arm-elf/lib\libc.a(lib_a-svfprintf.o)
 *fill*         0x0010bd7e        0x2 00
 .rodata.str1.4
                0x0010bd80       0x10 d:/programy/mikrokontrolery/arm/yagarto/bin/../lib/gcc/arm-elf/4.3.3/../../../../arm-elf/lib\libc.a(lib_a-dtoa.o)
                                 0x14 (size before relaxing)
 .rodata        0x0010bd90        0x4 d:/programy/mikrokontrolery/arm/yagarto/bin/../lib/gcc/arm-elf/4.3.3/../../../../arm-elf/lib\libc.a(lib_a-impure.o)
                0x0010bd90                _global_impure_ptr
 .rodata.str1.4
                0x0010bd94        0x2 d:/programy/mikrokontrolery/arm/yagarto/bin/../lib/gcc/arm-elf/4.3.3/../../../../arm-elf/lib\libc.a(lib_a-impure.o)
                                  0x4 (size before relaxing)
 *fill*         0x0010bd96        0x2 00
 .rodata.str1.4
                0x0010bd98        0xf d:/programy/mikrokontrolery/arm/yagarto/bin/../lib/gcc/arm-elf/4.3.3/../../../../arm-elf/lib\libc.a(lib_a-locale.o)
                                 0x18 (size before relaxing)
 *fill*         0x0010bda7        0x1 00
 .rodata        0x0010bda8       0x34 d:/programy/mikrokontrolery/arm/yagarto/bin/../lib/gcc/arm-elf/4.3.3/../../../../arm-elf/lib\libc.a(lib_a-locale.o)
 .rodata        0x0010bddc      0x124 d:/programy/mikrokontrolery/arm/yagarto/bin/../lib/gcc/arm-elf/4.3.3/../../../../arm-elf/lib\libc.a(lib_a-mprec.o)
                0x0010becc                __mprec_tinytens
                0x0010bddc                __mprec_tens
                0x0010bea4                __mprec_bigtens
 .rodata.str1.4
                0x0010bf00        0x4 d:/programy/mikrokontrolery/arm/yagarto/bin/../lib/gcc/arm-elf/4.3.3/../../../../arm-elf/lib\libc.a(lib_a-syscalls.o)
 *(.ARM.extab* .gnu.linkonce.armextab.*)
 *(.gcc_except_table)
 *(.eh_frame_hdr)
 *(.eh_frame)
 *(.init)
 *(.fini)
                0x0010bf04                PROVIDE (__preinit_array_start, .)
 *(.preinit_array)
                0x0010bf04                PROVIDE (__preinit_array_end, .)
                0x0010bf04                PROVIDE (__init_array_start, .)
 *(SORT(.init_array.*))
 *(.init_array)
                0x0010bf04                PROVIDE (__init_array_end, .)
                0x0010bf04                PROVIDE (__fini_array_start, .)
 *(.fini_array)
 *(SORT(.fini_array.*))
                0x0010bf04                PROVIDE (__fini_array_end, .)

.vfp11_veneer   0x0010bf04        0x0
 .vfp11_veneer  0x0010bf04        0x0 ./SRC/startup.o
 .vfp11_veneer  0x0010bf04        0x0 ./SRC/low_level_init.o
 .vfp11_veneer  0x0010bf04        0x0 ./SRC/main.o
 .vfp11_veneer  0x0010bf04        0x0 ./SRC/RTOS/lib_AT91SAM7X256.o
 .vfp11_veneer  0x0010bf04        0x0 ./SRC/RTOS/port.o
 .vfp11_veneer  0x0010bf04        0x0 ./SRC/RTOS/portISR.o
 .vfp11_veneer  0x0010bf04        0x0 ./SRC/RTOS/croutine.o
 .vfp11_veneer  0x0010bf04        0x0 ./SRC/RTOS/heap_2.o
 .vfp11_veneer  0x0010bf04        0x0 ./SRC/RTOS/list.o
 .vfp11_veneer  0x0010bf04        0x0 ./SRC/RTOS/queue.o
 .vfp11_veneer  0x0010bf04        0x0 ./SRC/RTOS/tasks.o
 .vfp11_veneer  0x0010bf04        0x0 d:/programy/mikrokontrolery/arm/yagarto/bin/../lib/gcc/arm-elf/4.3.3/../../../../arm-elf/lib\libc.a(lib_a-memcpy.o)
 .vfp11_veneer  0x0010bf04        0x0 d:/programy/mikrokontrolery/arm/yagarto/bin/../lib/gcc/arm-elf/4.3.3/../../../../arm-elf/lib\libc.a(lib_a-memset.o)
 .vfp11_veneer  0x0010bf04        0x0 d:/programy/mikrokontrolery/arm/yagarto/bin/../lib/gcc/arm-elf/4.3.3/../../../../arm-elf/lib\libc.a(lib_a-sprintf.o)
 .vfp11_veneer  0x0010bf04        0x0 d:/programy/mikrokontrolery/arm/yagarto/bin/../lib/gcc/arm-elf/4.3.3/../../../../arm-elf/lib\libc.a(lib_a-strcat.o)
 .vfp11_veneer  0x0010bf04        0x0 d:/programy/mikrokontrolery/arm/yagarto/bin/../lib/gcc/arm-elf/4.3.3/../../../../arm-elf/lib\libc.a(lib_a-strcpy.o)
 .vfp11_veneer  0x0010bf04        0x0 d:/programy/mikrokontrolery/arm/yagarto/bin/../lib/gcc/arm-elf/4.3.3/../../../../arm-elf/lib\libc.a(lib_a-strlen.o)
 .vfp11_veneer  0x0010bf04        0x0 d:/programy/mikrokontrolery/arm/yagarto/bin/../lib/gcc/arm-elf/4.3.3/../../../../arm-elf/lib\libc.a(lib_a-strncpy.o)
 .vfp11_veneer  0x0010bf04        0x0 d:/programy/mikrokontrolery/arm/yagarto/bin/../lib/gcc/arm-elf/4.3.3/../../../../arm-elf/lib\libc.a(lib_a-svfprintf.o)
 .vfp11_veneer  0x0010bf04        0x0 d:/programy/mikrokontrolery/arm/yagarto/bin/../lib/gcc/arm-elf/4.3.3/../../../../arm-elf/lib\libc.a(lib_a-dtoa.o)
 .vfp11_veneer  0x0010bf04        0x0 d:/programy/mikrokontrolery/arm/yagarto/bin/../lib/gcc/arm-elf/4.3.3/../../../../arm-elf/lib\libc.a(lib_a-freer.o)
 .vfp11_veneer  0x0010bf04        0x0 d:/programy/mikrokontrolery/arm/yagarto/bin/../lib/gcc/arm-elf/4.3.3/../../../../arm-elf/lib\libc.a(lib_a-impure.o)
 .vfp11_veneer  0x0010bf04        0x0 d:/programy/mikrokontrolery/arm/yagarto/bin/../lib/gcc/arm-elf/4.3.3/../../../../arm-elf/lib\libc.a(lib_a-locale.o)
 .vfp11_veneer  0x0010bf04        0x0 d:/programy/mikrokontrolery/arm/yagarto/bin/../lib/gcc/arm-elf/4.3.3/../../../../arm-elf/lib\libc.a(lib_a-mallocr.o)
 .vfp11_veneer  0x0010bf04        0x0 d:/programy/mikrokontrolery/arm/yagarto/bin/../lib/gcc/arm-elf/4.3.3/../../../../arm-elf/lib\libc.a(lib_a-memchr.o)
 .vfp11_veneer  0x0010bf04        0x0 d:/programy/mikrokontrolery/arm/yagarto/bin/../lib/gcc/arm-elf/4.3.3/../../../../arm-elf/lib\libc.a(lib_a-memmove.o)
 .vfp11_veneer  0x0010bf04        0x0 d:/programy/mikrokontrolery/arm/yagarto/bin/../lib/gcc/arm-elf/4.3.3/../../../../arm-elf/lib\libc.a(lib_a-mlock.o)
 .vfp11_veneer  0x0010bf04        0x0 d:/programy/mikrokontrolery/arm/yagarto/bin/../lib/gcc/arm-elf/4.3.3/../../../../arm-elf/lib\libc.a(lib_a-mprec.o)
 .vfp11_veneer  0x0010bf04        0x0 d:/programy/mikrokontrolery/arm/yagarto/bin/../lib/gcc/arm-elf/4.3.3/../../../../arm-elf/lib\libc.a(lib_a-reallocr.o)
 .vfp11_veneer  0x0010bf04        0x0 d:/programy/mikrokontrolery/arm/yagarto/bin/../lib/gcc/arm-elf/4.3.3/../../../../arm-elf/lib\libc.a(lib_a-s_isinfd.o)
 .vfp11_veneer  0x0010bf04        0x0 d:/programy/mikrokontrolery/arm/yagarto/bin/../lib/gcc/arm-elf/4.3.3/../../../../arm-elf/lib\libc.a(lib_a-s_isnand.o)
 .vfp11_veneer  0x0010bf04        0x0 d:/programy/mikrokontrolery/arm/yagarto/bin/../lib/gcc/arm-elf/4.3.3/../../../../arm-elf/lib\libc.a(lib_a-sbrkr.o)
 .vfp11_veneer  0x0010bf04        0x0 d:/programy/mikrokontrolery/arm/yagarto/bin/../lib/gcc/arm-elf/4.3.3/../../../../arm-elf/lib\libc.a(lib_a-strcmp.o)
 .vfp11_veneer  0x0010bf04        0x0 d:/programy/mikrokontrolery/arm/yagarto/bin/../lib/gcc/arm-elf/4.3.3/../../../../arm-elf/lib\libc.a(lib_a-syscalls.o)
 .vfp11_veneer  0x0010bf04        0x0 d:/programy/mikrokontrolery/arm/yagarto/bin/../lib/gcc/arm-elf/4.3.3/../../../../arm-elf/lib\libc.a(lib_a-callocr.o)
 .vfp11_veneer  0x0010bf04        0x0 d:/programy/mikrokontrolery/arm/yagarto/bin/../lib/gcc/arm-elf/4.3.3/../../../../arm-elf/lib\libc.a(lib_a-errno.o)
 .vfp11_veneer  0x0010bf04        0x0 d:/programy/mikrokontrolery/arm/yagarto/bin/../lib/gcc/arm-elf/4.3.3/../../../../arm-elf/lib\libc.a(lib_a-findfp.o)
 .vfp11_veneer  0x0010bf04        0x0 d:/programy/mikrokontrolery/arm/yagarto/bin/../lib/gcc/arm-elf/4.3.3/../../../../arm-elf/lib\libc.a(lib_a-fwalk.o)
 .vfp11_veneer  0x0010bf04        0x0 d:/programy/mikrokontrolery/arm/yagarto/bin/../lib/gcc/arm-elf/4.3.3/../../../../arm-elf/lib\libc.a(lib_a-reent.o)
 .vfp11_veneer  0x0010bf04        0x0 d:/programy/mikrokontrolery/arm/yagarto/bin/../lib/gcc/arm-elf/4.3.3/../../../../arm-elf/lib\libc.a(lib_a-stdio.o)
 .vfp11_veneer  0x0010bf04        0x0 d:/programy/mikrokontrolery/arm/yagarto/bin/../lib/gcc/arm-elf/4.3.3/../../../../arm-elf/lib\libc.a(lib_a-writer.o)
 .vfp11_veneer  0x0010bf04        0x0 d:/programy/mikrokontrolery/arm/yagarto/bin/../lib/gcc/arm-elf/4.3.3/../../../../arm-elf/lib\libc.a(lib_a-closer.o)
 .vfp11_veneer  0x0010bf04        0x0 d:/programy/mikrokontrolery/arm/yagarto/bin/../lib/gcc/arm-elf/4.3.3/../../../../arm-elf/lib\libc.a(lib_a-fclose.o)
 .vfp11_veneer  0x0010bf04        0x0 d:/programy/mikrokontrolery/arm/yagarto/bin/../lib/gcc/arm-elf/4.3.3/../../../../arm-elf/lib\libc.a(lib_a-fflush.o)
 .vfp11_veneer  0x0010bf04        0x0 d:/programy/mikrokontrolery/arm/yagarto/bin/../lib/gcc/arm-elf/4.3.3/../../../../arm-elf/lib\libc.a(lib_a-lseekr.o)
 .vfp11_veneer  0x0010bf04        0x0 d:/programy/mikrokontrolery/arm/yagarto/bin/../lib/gcc/arm-elf/4.3.3/../../../../arm-elf/lib\libc.a(lib_a-readr.o)
 .vfp11_veneer  0x0010bf04        0x0 d:/programy/mikrokontrolery/arm/yagarto/bin/../lib/gcc/arm-elf/4.3.3\libgcc.a(_udivsi3.o)
 .vfp11_veneer  0x0010bf04        0x0 d:/programy/mikrokontrolery/arm/yagarto/bin/../lib/gcc/arm-elf/4.3.3\libgcc.a(_dvmd_tls.o)
 .vfp11_veneer  0x0010bf04        0x0 d:/programy/mikrokontrolery/arm/yagarto/bin/../lib/gcc/arm-elf/4.3.3\libgcc.a(_addsubdf3.o)
 .vfp11_veneer  0x0010bf04        0x0 d:/programy/mikrokontrolery/arm/yagarto/bin/../lib/gcc/arm-elf/4.3.3\libgcc.a(_muldivdf3.o)
 .vfp11_veneer  0x0010bf04        0x0 d:/programy/mikrokontrolery/arm/yagarto/bin/../lib/gcc/arm-elf/4.3.3\libgcc.a(_cmpdf2.o)
 .vfp11_veneer  0x0010bf04        0x0 d:/programy/mikrokontrolery/arm/yagarto/bin/../lib/gcc/arm-elf/4.3.3\libgcc.a(_fixdfsi.o)

.v4_bx          0x0010bf04        0x0
 .v4_bx         0x0010bf04        0x0 ./SRC/startup.o
 .v4_bx         0x0010bf04        0x0 ./SRC/low_level_init.o
 .v4_bx         0x0010bf04        0x0 ./SRC/main.o
 .v4_bx         0x0010bf04        0x0 ./SRC/RTOS/lib_AT91SAM7X256.o
 .v4_bx         0x0010bf04        0x0 ./SRC/RTOS/port.o
 .v4_bx         0x0010bf04        0x0 ./SRC/RTOS/portISR.o
 .v4_bx         0x0010bf04        0x0 ./SRC/RTOS/croutine.o
 .v4_bx         0x0010bf04        0x0 ./SRC/RTOS/heap_2.o
 .v4_bx         0x0010bf04        0x0 ./SRC/RTOS/list.o
 .v4_bx         0x0010bf04        0x0 ./SRC/RTOS/queue.o
 .v4_bx         0x0010bf04        0x0 ./SRC/RTOS/tasks.o
 .v4_bx         0x0010bf04        0x0 d:/programy/mikrokontrolery/arm/yagarto/bin/../lib/gcc/arm-elf/4.3.3/../../../../arm-elf/lib\libc.a(lib_a-memcpy.o)
 .v4_bx         0x0010bf04        0x0 d:/programy/mikrokontrolery/arm/yagarto/bin/../lib/gcc/arm-elf/4.3.3/../../../../arm-elf/lib\libc.a(lib_a-memset.o)
 .v4_bx         0x0010bf04        0x0 d:/programy/mikrokontrolery/arm/yagarto/bin/../lib/gcc/arm-elf/4.3.3/../../../../arm-elf/lib\libc.a(lib_a-sprintf.o)
 .v4_bx         0x0010bf04        0x0 d:/programy/mikrokontrolery/arm/yagarto/bin/../lib/gcc/arm-elf/4.3.3/../../../../arm-elf/lib\libc.a(lib_a-strcat.o)
 .v4_bx         0x0010bf04        0x0 d:/programy/mikrokontrolery/arm/yagarto/bin/../lib/gcc/arm-elf/4.3.3/../../../../arm-elf/lib\libc.a(lib_a-strcpy.o)
 .v4_bx         0x0010bf04        0x0 d:/programy/mikrokontrolery/arm/yagarto/bin/../lib/gcc/arm-elf/4.3.3/../../../../arm-elf/lib\libc.a(lib_a-strlen.o)
 .v4_bx         0x0010bf04        0x0 d:/programy/mikrokontrolery/arm/yagarto/bin/../lib/gcc/arm-elf/4.3.3/../../../../arm-elf/lib\libc.a(lib_a-strncpy.o)
 .v4_bx         0x0010bf04        0x0 d:/programy/mikrokontrolery/arm/yagarto/bin/../lib/gcc/arm-elf/4.3.3/../../../../arm-elf/lib\libc.a(lib_a-svfprintf.o)
 .v4_bx         0x0010bf04        0x0 d:/programy/mikrokontrolery/arm/yagarto/bin/../lib/gcc/arm-elf/4.3.3/../../../../arm-elf/lib\libc.a(lib_a-dtoa.o)
 .v4_bx         0x0010bf04        0x0 d:/programy/mikrokontrolery/arm/yagarto/bin/../lib/gcc/arm-elf/4.3.3/../../../../arm-elf/lib\libc.a(lib_a-freer.o)
 .v4_bx         0x0010bf04        0x0 d:/programy/mikrokontrolery/arm/yagarto/bin/../lib/gcc/arm-elf/4.3.3/../../../../arm-elf/lib\libc.a(lib_a-impure.o)
 .v4_bx         0x0010bf04        0x0 d:/programy/mikrokontrolery/arm/yagarto/bin/../lib/gcc/arm-elf/4.3.3/../../../../arm-elf/lib\libc.a(lib_a-locale.o)
 .v4_bx         0x0010bf04        0x0 d:/programy/mikrokontrolery/arm/yagarto/bin/../lib/gcc/arm-elf/4.3.3/../../../../arm-elf/lib\libc.a(lib_a-mallocr.o)
 .v4_bx         0x0010bf04        0x0 d:/programy/mikrokontrolery/arm/yagarto/bin/../lib/gcc/arm-elf/4.3.3/../../../../arm-elf/lib\libc.a(lib_a-memchr.o)
 .v4_bx         0x0010bf04        0x0 d:/programy/mikrokontrolery/arm/yagarto/bin/../lib/gcc/arm-elf/4.3.3/../../../../arm-elf/lib\libc.a(lib_a-memmove.o)
 .v4_bx         0x0010bf04        0x0 d:/programy/mikrokontrolery/arm/yagarto/bin/../lib/gcc/arm-elf/4.3.3/../../../../arm-elf/lib\libc.a(lib_a-mlock.o)
 .v4_bx         0x0010bf04        0x0 d:/programy/mikrokontrolery/arm/yagarto/bin/../lib/gcc/arm-elf/4.3.3/../../../../arm-elf/lib\libc.a(lib_a-mprec.o)
 .v4_bx         0x0010bf04        0x0 d:/programy/mikrokontrolery/arm/yagarto/bin/../lib/gcc/arm-elf/4.3.3/../../../../arm-elf/lib\libc.a(lib_a-reallocr.o)
 .v4_bx         0x0010bf04        0x0 d:/programy/mikrokontrolery/arm/yagarto/bin/../lib/gcc/arm-elf/4.3.3/../../../../arm-elf/lib\libc.a(lib_a-s_isinfd.o)
 .v4_bx         0x0010bf04        0x0 d:/programy/mikrokontrolery/arm/yagarto/bin/../lib/gcc/arm-elf/4.3.3/../../../../arm-elf/lib\libc.a(lib_a-s_isnand.o)
 .v4_bx         0x0010bf04        0x0 d:/programy/mikrokontrolery/arm/yagarto/bin/../lib/gcc/arm-elf/4.3.3/../../../../arm-elf/lib\libc.a(lib_a-sbrkr.o)
 .v4_bx         0x0010bf04        0x0 d:/programy/mikrokontrolery/arm/yagarto/bin/../lib/gcc/arm-elf/4.3.3/../../../../arm-elf/lib\libc.a(lib_a-strcmp.o)
 .v4_bx         0x0010bf04        0x0 d:/programy/mikrokontrolery/arm/yagarto/bin/../lib/gcc/arm-elf/4.3.3/../../../../arm-elf/lib\libc.a(lib_a-syscalls.o)
 .v4_bx         0x0010bf04        0x0 d:/programy/mikrokontrolery/arm/yagarto/bin/../lib/gcc/arm-elf/4.3.3/../../../../arm-elf/lib\libc.a(lib_a-callocr.o)
 .v4_bx         0x0010bf04        0x0 d:/programy/mikrokontrolery/arm/yagarto/bin/../lib/gcc/arm-elf/4.3.3/../../../../arm-elf/lib\libc.a(lib_a-errno.o)
 .v4_bx         0x0010bf04        0x0 d:/programy/mikrokontrolery/arm/yagarto/bin/../lib/gcc/arm-elf/4.3.3/../../../../arm-elf/lib\libc.a(lib_a-findfp.o)
 .v4_bx         0x0010bf04        0x0 d:/programy/mikrokontrolery/arm/yagarto/bin/../lib/gcc/arm-elf/4.3.3/../../../../arm-elf/lib\libc.a(lib_a-fwalk.o)
 .v4_bx         0x0010bf04        0x0 d:/programy/mikrokontrolery/arm/yagarto/bin/../lib/gcc/arm-elf/4.3.3/../../../../arm-elf/lib\libc.a(lib_a-reent.o)
 .v4_bx         0x0010bf04        0x0 d:/programy/mikrokontrolery/arm/yagarto/bin/../lib/gcc/arm-elf/4.3.3/../../../../arm-elf/lib\libc.a(lib_a-stdio.o)
 .v4_bx         0x0010bf04        0x0 d:/programy/mikrokontrolery/arm/yagarto/bin/../lib/gcc/arm-elf/4.3.3/../../../../arm-elf/lib\libc.a(lib_a-writer.o)
 .v4_bx         0x0010bf04        0x0 d:/programy/mikrokontrolery/arm/yagarto/bin/../lib/gcc/arm-elf/4.3.3/../../../../arm-elf/lib\libc.a(lib_a-closer.o)
 .v4_bx         0x0010bf04        0x0 d:/programy/mikrokontrolery/arm/yagarto/bin/../lib/gcc/arm-elf/4.3.3/../../../../arm-elf/lib\libc.a(lib_a-fclose.o)
 .v4_bx         0x0010bf04        0x0 d:/programy/mikrokontrolery/arm/yagarto/bin/../lib/gcc/arm-elf/4.3.3/../../../../arm-elf/lib\libc.a(lib_a-fflush.o)
 .v4_bx         0x0010bf04        0x0 d:/programy/mikrokontrolery/arm/yagarto/bin/../lib/gcc/arm-elf/4.3.3/../../../../arm-elf/lib\libc.a(lib_a-lseekr.o)
 .v4_bx         0x0010bf04        0x0 d:/programy/mikrokontrolery/arm/yagarto/bin/../lib/gcc/arm-elf/4.3.3/../../../../arm-elf/lib\libc.a(lib_a-readr.o)
 .v4_bx         0x0010bf04        0x0 d:/programy/mikrokontrolery/arm/yagarto/bin/../lib/gcc/arm-elf/4.3.3\libgcc.a(_udivsi3.o)
 .v4_bx         0x0010bf04        0x0 d:/programy/mikrokontrolery/arm/yagarto/bin/../lib/gcc/arm-elf/4.3.3\libgcc.a(_dvmd_tls.o)
 .v4_bx         0x0010bf04        0x0 d:/programy/mikrokontrolery/arm/yagarto/bin/../lib/gcc/arm-elf/4.3.3\libgcc.a(_addsubdf3.o)
 .v4_bx         0x0010bf04        0x0 d:/programy/mikrokontrolery/arm/yagarto/bin/../lib/gcc/arm-elf/4.3.3\libgcc.a(_muldivdf3.o)
 .v4_bx         0x0010bf04        0x0 d:/programy/mikrokontrolery/arm/yagarto/bin/../lib/gcc/arm-elf/4.3.3\libgcc.a(_cmpdf2.o)
 .v4_bx         0x0010bf04        0x0 d:/programy/mikrokontrolery/arm/yagarto/bin/../lib/gcc/arm-elf/4.3.3\libgcc.a(_fixdfsi.o)

.ARM.exidx      0x0010bf04        0x0
                0x0010bf04                __exidx_start = .
 *(.ARM.exidx* .gnu.linkonce.armexidx.*)
                0x0010bf04                __exidx_end = .
                0x0010bf04                _etext = .

.data           0x00200040      0x850 load address 0x0010bf04
                0x0010bf04                __data_load = LOADADDR (.data)
                0x00200040                __data_start = .
 *(.jcr)
 *(.got.plt)
 *(.got)
 *(.shdata)
 *(.data .data.* .gnu.linkonce.d.*)
 .data          0x00200040        0x0 ./SRC/startup.o
 .data          0x00200040        0x0 ./SRC/low_level_init.o
 .data          0x00200040        0x0 ./SRC/main.o
 .data          0x00200040        0x0 ./SRC/RTOS/lib_AT91SAM7X256.o
 .data          0x00200040        0x0 ./SRC/RTOS/port.o
 .data          0x00200040        0x4 ./SRC/RTOS/portISR.o
                0x00200040                ulCriticalNesting
 .data          0x00200044        0x0 ./SRC/RTOS/croutine.o
 .data          0x00200044        0x0 ./SRC/RTOS/heap_2.o
 .data          0x00200044        0x0 ./SRC/RTOS/list.o
 .data          0x00200044        0x0 ./SRC/RTOS/queue.o
 .data          0x00200044        0x4 ./SRC/RTOS/tasks.o
 .data          0x00200048        0x0 d:/programy/mikrokontrolery/arm/yagarto/bin/../lib/gcc/arm-elf/4.3.3/../../../../arm-elf/lib\libc.a(lib_a-memcpy.o)
 .data          0x00200048        0x0 d:/programy/mikrokontrolery/arm/yagarto/bin/../lib/gcc/arm-elf/4.3.3/../../../../arm-elf/lib\libc.a(lib_a-memset.o)
 .data          0x00200048        0x0 d:/programy/mikrokontrolery/arm/yagarto/bin/../lib/gcc/arm-elf/4.3.3/../../../../arm-elf/lib\libc.a(lib_a-sprintf.o)
 .data          0x00200048        0x0 d:/programy/mikrokontrolery/arm/yagarto/bin/../lib/gcc/arm-elf/4.3.3/../../../../arm-elf/lib\libc.a(lib_a-strcat.o)
 .data          0x00200048        0x0 d:/programy/mikrokontrolery/arm/yagarto/bin/../lib/gcc/arm-elf/4.3.3/../../../../arm-elf/lib\libc.a(lib_a-strcpy.o)
 .data          0x00200048        0x0 d:/programy/mikrokontrolery/arm/yagarto/bin/../lib/gcc/arm-elf/4.3.3/../../../../arm-elf/lib\libc.a(lib_a-strlen.o)
 .data          0x00200048        0x0 d:/programy/mikrokontrolery/arm/yagarto/bin/../lib/gcc/arm-elf/4.3.3/../../../../arm-elf/lib\libc.a(lib_a-strncpy.o)
 .data          0x00200048        0x0 d:/programy/mikrokontrolery/arm/yagarto/bin/../lib/gcc/arm-elf/4.3.3/../../../../arm-elf/lib\libc.a(lib_a-svfprintf.o)
 .data          0x00200048        0x0 d:/programy/mikrokontrolery/arm/yagarto/bin/../lib/gcc/arm-elf/4.3.3/../../../../arm-elf/lib\libc.a(lib_a-dtoa.o)
 .data          0x00200048        0x0 d:/programy/mikrokontrolery/arm/yagarto/bin/../lib/gcc/arm-elf/4.3.3/../../../../arm-elf/lib\libc.a(lib_a-freer.o)
 .data          0x00200048      0x428 d:/programy/mikrokontrolery/arm/yagarto/bin/../lib/gcc/arm-elf/4.3.3/../../../../arm-elf/lib\libc.a(lib_a-impure.o)
                0x00200048                _impure_ptr
 .data          0x00200470       0x10 d:/programy/mikrokontrolery/arm/yagarto/bin/../lib/gcc/arm-elf/4.3.3/../../../../arm-elf/lib\libc.a(lib_a-locale.o)
                0x00200470                __mb_cur_max
                0x00200474                __lc_ctype
 .data          0x00200480      0x410 d:/programy/mikrokontrolery/arm/yagarto/bin/../lib/gcc/arm-elf/4.3.3/../../../../arm-elf/lib\libc.a(lib_a-mallocr.o)
                0x0020088c                __malloc_sbrk_base
                0x00200480                __malloc_av_
                0x00200888                __malloc_trim_threshold
 .data          0x00200890        0x0 d:/programy/mikrokontrolery/arm/yagarto/bin/../lib/gcc/arm-elf/4.3.3/../../../../arm-elf/lib\libc.a(lib_a-memchr.o)
 .data          0x00200890        0x0 d:/programy/mikrokontrolery/arm/yagarto/bin/../lib/gcc/arm-elf/4.3.3/../../../../arm-elf/lib\libc.a(lib_a-memmove.o)
 .data          0x00200890        0x0 d:/programy/mikrokontrolery/arm/yagarto/bin/../lib/gcc/arm-elf/4.3.3/../../../../arm-elf/lib\libc.a(lib_a-mlock.o)
 .data          0x00200890        0x0 d:/programy/mikrokontrolery/arm/yagarto/bin/../lib/gcc/arm-elf/4.3.3/../../../../arm-elf/lib\libc.a(lib_a-mprec.o)
 .data          0x00200890        0x0 d:/programy/mikrokontrolery/arm/yagarto/bin/../lib/gcc/arm-elf/4.3.3/../../../../arm-elf/lib\libc.a(lib_a-reallocr.o)
 .data          0x00200890        0x0 d:/programy/mikrokontrolery/arm/yagarto/bin/../lib/gcc/arm-elf/4.3.3/../../../../arm-elf/lib\libc.a(lib_a-s_isinfd.o)
 .data          0x00200890        0x0 d:/programy/mikrokontrolery/arm/yagarto/bin/../lib/gcc/arm-elf/4.3.3/../../../../arm-elf/lib\libc.a(lib_a-s_isnand.o)
 .data          0x00200890        0x0 d:/programy/mikrokontrolery/arm/yagarto/bin/../lib/gcc/arm-elf/4.3.3/../../../../arm-elf/lib\libc.a(lib_a-sbrkr.o)
 .data          0x00200890        0x0 d:/programy/mikrokontrolery/arm/yagarto/bin/../lib/gcc/arm-elf/4.3.3/../../../../arm-elf/lib\libc.a(lib_a-strcmp.o)
 .data          0x00200890        0x0 d:/programy/mikrokontrolery/arm/yagarto/bin/../lib/gcc/arm-elf/4.3.3/../../../../arm-elf/lib\libc.a(lib_a-syscalls.o)
 .data          0x00200890        0x0 d:/programy/mikrokontrolery/arm/yagarto/bin/../lib/gcc/arm-elf/4.3.3/../../../../arm-elf/lib\libc.a(lib_a-callocr.o)
 .data          0x00200890        0x0 d:/programy/mikrokontrolery/arm/yagarto/bin/../lib/gcc/arm-elf/4.3.3/../../../../arm-elf/lib\libc.a(lib_a-errno.o)
 .data          0x00200890        0x0 d:/programy/mikrokontrolery/arm/yagarto/bin/../lib/gcc/arm-elf/4.3.3/../../../../arm-elf/lib\libc.a(lib_a-findfp.o)
 .data          0x00200890        0x0 d:/programy/mikrokontrolery/arm/yagarto/bin/../lib/gcc/arm-elf/4.3.3/../../../../arm-elf/lib\libc.a(lib_a-fwalk.o)
 .data          0x00200890        0x0 d:/programy/mikrokontrolery/arm/yagarto/bin/../lib/gcc/arm-elf/4.3.3/../../../../arm-elf/lib\libc.a(lib_a-reent.o)
 .data          0x00200890        0x0 d:/programy/mikrokontrolery/arm/yagarto/bin/../lib/gcc/arm-elf/4.3.3/../../../../arm-elf/lib\libc.a(lib_a-stdio.o)
 .data          0x00200890        0x0 d:/programy/mikrokontrolery/arm/yagarto/bin/../lib/gcc/arm-elf/4.3.3/../../../../arm-elf/lib\libc.a(lib_a-writer.o)
 .data          0x00200890        0x0 d:/programy/mikrokontrolery/arm/yagarto/bin/../lib/gcc/arm-elf/4.3.3/../../../../arm-elf/lib\libc.a(lib_a-closer.o)
 .data          0x00200890        0x0 d:/programy/mikrokontrolery/arm/yagarto/bin/../lib/gcc/arm-elf/4.3.3/../../../../arm-elf/lib\libc.a(lib_a-fclose.o)
 .data          0x00200890        0x0 d:/programy/mikrokontrolery/arm/yagarto/bin/../lib/gcc/arm-elf/4.3.3/../../../../arm-elf/lib\libc.a(lib_a-fflush.o)
 .data          0x00200890        0x0 d:/programy/mikrokontrolery/arm/yagarto/bin/../lib/gcc/arm-elf/4.3.3/../../../../arm-elf/lib\libc.a(lib_a-lseekr.o)
 .data          0x00200890        0x0 d:/programy/mikrokontrolery/arm/yagarto/bin/../lib/gcc/arm-elf/4.3.3/../../../../arm-elf/lib\libc.a(lib_a-readr.o)
 .data          0x00200890        0x0 d:/programy/mikrokontrolery/arm/yagarto/bin/../lib/gcc/arm-elf/4.3.3\libgcc.a(_udivsi3.o)
 .data          0x00200890        0x0 d:/programy/mikrokontrolery/arm/yagarto/bin/../lib/gcc/arm-elf/4.3.3\libgcc.a(_dvmd_tls.o)
 .data          0x00200890        0x0 d:/programy/mikrokontrolery/arm/yagarto/bin/../lib/gcc/arm-elf/4.3.3\libgcc.a(_addsubdf3.o)
 .data          0x00200890        0x0 d:/programy/mikrokontrolery/arm/yagarto/bin/../lib/gcc/arm-elf/4.3.3\libgcc.a(_muldivdf3.o)
 .data          0x00200890        0x0 d:/programy/mikrokontrolery/arm/yagarto/bin/../lib/gcc/arm-elf/4.3.3\libgcc.a(_cmpdf2.o)
 .data          0x00200890        0x0 d:/programy/mikrokontrolery/arm/yagarto/bin/../lib/gcc/arm-elf/4.3.3\libgcc.a(_fixdfsi.o)
                0x00200890                . = ALIGN (0x4)
                0x00200890                _edata = .

.bss            0x00200890     0x2ac0
                0x00200890                __bss_start__ = .
 *(.shbss)
 *(.bss .bss.* .gnu.linkonce.b.*)
 .bss           0x00200890        0x0 ./SRC/startup.o
 .bss           0x00200890        0x0 ./SRC/low_level_init.o
 .bss           0x00200890        0x0 ./SRC/main.o
 .bss           0x00200890        0x0 ./SRC/RTOS/lib_AT91SAM7X256.o
 .bss           0x00200890        0x0 ./SRC/RTOS/port.o
 .bss           0x00200890        0x0 ./SRC/RTOS/portISR.o
 .bss           0x00200890       0x80 ./SRC/RTOS/croutine.o
                0x00200890                pxCurrentCoRoutine
 .bss           0x00200910     0x2818 ./SRC/RTOS/heap_2.o
 .bss           0x00203128        0x0 ./SRC/RTOS/list.o
 .bss           0x00203128        0x0 ./SRC/RTOS/queue.o
 .bss           0x00203128      0x130 ./SRC/RTOS/tasks.o
                0x00203128                pxCurrentTCB
 .bss           0x00203258        0x0 d:/programy/mikrokontrolery/arm/yagarto/bin/../lib/gcc/arm-elf/4.3.3/../../../../arm-elf/lib\libc.a(lib_a-memcpy.o)
 .bss           0x00203258        0x0 d:/programy/mikrokontrolery/arm/yagarto/bin/../lib/gcc/arm-elf/4.3.3/../../../../arm-elf/lib\libc.a(lib_a-memset.o)
 .bss           0x00203258        0x0 d:/programy/mikrokontrolery/arm/yagarto/bin/../lib/gcc/arm-elf/4.3.3/../../../../arm-elf/lib\libc.a(lib_a-sprintf.o)
 .bss           0x00203258        0x0 d:/programy/mikrokontrolery/arm/yagarto/bin/../lib/gcc/arm-elf/4.3.3/../../../../arm-elf/lib\libc.a(lib_a-strcat.o)
 .bss           0x00203258        0x0 d:/programy/mikrokontrolery/arm/yagarto/bin/../lib/gcc/arm-elf/4.3.3/../../../../arm-elf/lib\libc.a(lib_a-strcpy.o)
 .bss           0x00203258        0x0 d:/programy/mikrokontrolery/arm/yagarto/bin/../lib/gcc/arm-elf/4.3.3/../../../../arm-elf/lib\libc.a(lib_a-strlen.o)
 .bss           0x00203258        0x0 d:/programy/mikrokontrolery/arm/yagarto/bin/../lib/gcc/arm-elf/4.3.3/../../../../arm-elf/lib\libc.a(lib_a-strncpy.o)
 .bss           0x00203258        0x0 d:/programy/mikrokontrolery/arm/yagarto/bin/../lib/gcc/arm-elf/4.3.3/../../../../arm-elf/lib\libc.a(lib_a-svfprintf.o)
 .bss           0x00203258        0x0 d:/programy/mikrokontrolery/arm/yagarto/bin/../lib/gcc/arm-elf/4.3.3/../../../../arm-elf/lib\libc.a(lib_a-dtoa.o)
 .bss           0x00203258        0x0 d:/programy/mikrokontrolery/arm/yagarto/bin/../lib/gcc/arm-elf/4.3.3/../../../../arm-elf/lib\libc.a(lib_a-freer.o)
 .bss           0x00203258        0x0 d:/programy/mikrokontrolery/arm/yagarto/bin/../lib/gcc/arm-elf/4.3.3/../../../../arm-elf/lib\libc.a(lib_a-impure.o)
 .bss           0x00203258        0xc d:/programy/mikrokontrolery/arm/yagarto/bin/../lib/gcc/arm-elf/4.3.3/../../../../arm-elf/lib\libc.a(lib_a-locale.o)
                0x00203258                __nlocale_changed
                0x0020325c                __mlocale_changed
                0x00203260                _PathLocale
 .bss           0x00203264       0x34 d:/programy/mikrokontrolery/arm/yagarto/bin/../lib/gcc/arm-elf/4.3.3/../../../../arm-elf/lib\libc.a(lib_a-mallocr.o)
                0x00203264                __malloc_top_pad
                0x00203268                __malloc_max_sbrked_mem
                0x00203270                __malloc_current_mallinfo
                0x0020326c                __malloc_max_total_mem
 .bss           0x00203298        0x0 d:/programy/mikrokontrolery/arm/yagarto/bin/../lib/gcc/arm-elf/4.3.3/../../../../arm-elf/lib\libc.a(lib_a-memchr.o)
 .bss           0x00203298        0x0 d:/programy/mikrokontrolery/arm/yagarto/bin/../lib/gcc/arm-elf/4.3.3/../../../../arm-elf/lib\libc.a(lib_a-memmove.o)
 .bss           0x00203298        0x0 d:/programy/mikrokontrolery/arm/yagarto/bin/../lib/gcc/arm-elf/4.3.3/../../../../arm-elf/lib\libc.a(lib_a-mlock.o)
 .bss           0x00203298        0x0 d:/programy/mikrokontrolery/arm/yagarto/bin/../lib/gcc/arm-elf/4.3.3/../../../../arm-elf/lib\libc.a(lib_a-mprec.o)
 .bss           0x00203298        0x0 d:/programy/mikrokontrolery/arm/yagarto/bin/../lib/gcc/arm-elf/4.3.3/../../../../arm-elf/lib\libc.a(lib_a-reallocr.o)
 .bss           0x00203298        0x0 d:/programy/mikrokontrolery/arm/yagarto/bin/../lib/gcc/arm-elf/4.3.3/../../../../arm-elf/lib\libc.a(lib_a-s_isinfd.o)
 .bss           0x00203298        0x0 d:/programy/mikrokontrolery/arm/yagarto/bin/../lib/gcc/arm-elf/4.3.3/../../../../arm-elf/lib\libc.a(lib_a-s_isnand.o)
 .bss           0x00203298        0x0 d:/programy/mikrokontrolery/arm/yagarto/bin/../lib/gcc/arm-elf/4.3.3/../../../../arm-elf/lib\libc.a(lib_a-sbrkr.o)
 .bss           0x00203298        0x0 d:/programy/mikrokontrolery/arm/yagarto/bin/../lib/gcc/arm-elf/4.3.3/../../../../arm-elf/lib\libc.a(lib_a-strcmp.o)
 .bss           0x00203298       0xb0 d:/programy/mikrokontrolery/arm/yagarto/bin/../lib/gcc/arm-elf/4.3.3/../../../../arm-elf/lib\libc.a(lib_a-syscalls.o)
 .bss           0x00203348        0x0 d:/programy/mikrokontrolery/arm/yagarto/bin/../lib/gcc/arm-elf/4.3.3/../../../../arm-elf/lib\libc.a(lib_a-callocr.o)
 .bss           0x00203348        0x0 d:/programy/mikrokontrolery/arm/yagarto/bin/../lib/gcc/arm-elf/4.3.3/../../../../arm-elf/lib\libc.a(lib_a-errno.o)
 .bss           0x00203348        0x0 d:/programy/mikrokontrolery/arm/yagarto/bin/../lib/gcc/arm-elf/4.3.3/../../../../arm-elf/lib\libc.a(lib_a-findfp.o)
 .bss           0x00203348        0x0 d:/programy/mikrokontrolery/arm/yagarto/bin/../lib/gcc/arm-elf/4.3.3/../../../../arm-elf/lib\libc.a(lib_a-fwalk.o)
 .bss           0x00203348        0x0 d:/programy/mikrokontrolery/arm/yagarto/bin/../lib/gcc/arm-elf/4.3.3/../../../../arm-elf/lib\libc.a(lib_a-reent.o)
 .bss           0x00203348        0x0 d:/programy/mikrokontrolery/arm/yagarto/bin/../lib/gcc/arm-elf/4.3.3/../../../../arm-elf/lib\libc.a(lib_a-stdio.o)
 .bss           0x00203348        0x0 d:/programy/mikrokontrolery/arm/yagarto/bin/../lib/gcc/arm-elf/4.3.3/../../../../arm-elf/lib\libc.a(lib_a-writer.o)
 .bss           0x00203348        0x0 d:/programy/mikrokontrolery/arm/yagarto/bin/../lib/gcc/arm-elf/4.3.3/../../../../arm-elf/lib\libc.a(lib_a-closer.o)
 .bss           0x00203348        0x0 d:/programy/mikrokontrolery/arm/yagarto/bin/../lib/gcc/arm-elf/4.3.3/../../../../arm-elf/lib\libc.a(lib_a-fclose.o)
 .bss           0x00203348        0x0 d:/programy/mikrokontrolery/arm/yagarto/bin/../lib/gcc/arm-elf/4.3.3/../../../../arm-elf/lib\libc.a(lib_a-fflush.o)
 .bss           0x00203348        0x0 d:/programy/mikrokontrolery/arm/yagarto/bin/../lib/gcc/arm-elf/4.3.3/../../../../arm-elf/lib\libc.a(lib_a-lseekr.o)
 .bss           0x00203348        0x0 d:/programy/mikrokontrolery/arm/yagarto/bin/../lib/gcc/arm-elf/4.3.3/../../../../arm-elf/lib\libc.a(lib_a-readr.o)
 .bss           0x00203348        0x0 d:/programy/mikrokontrolery/arm/yagarto/bin/../lib/gcc/arm-elf/4.3.3\libgcc.a(_udivsi3.o)
 .bss           0x00203348        0x0 d:/programy/mikrokontrolery/arm/yagarto/bin/../lib/gcc/arm-elf/4.3.3\libgcc.a(_dvmd_tls.o)
 .bss           0x00203348        0x0 d:/programy/mikrokontrolery/arm/yagarto/bin/../lib/gcc/arm-elf/4.3.3\libgcc.a(_addsubdf3.o)
 .bss           0x00203348        0x0 d:/programy/mikrokontrolery/arm/yagarto/bin/../lib/gcc/arm-elf/4.3.3\libgcc.a(_muldivdf3.o)
 .bss           0x00203348        0x0 d:/programy/mikrokontrolery/arm/yagarto/bin/../lib/gcc/arm-elf/4.3.3\libgcc.a(_cmpdf2.o)
 .bss           0x00203348        0x0 d:/programy/mikrokontrolery/arm/yagarto/bin/../lib/gcc/arm-elf/4.3.3\libgcc.a(_fixdfsi.o)
 *(COMMON)
 COMMON         0x00203348        0x4 d:/programy/mikrokontrolery/arm/yagarto/bin/../lib/gcc/arm-elf/4.3.3/../../../../arm-elf/lib\libc.a(lib_a-reent.o)
                0x00203348                errno
                0x00203350                . = ALIGN (0x8)
 *fill*         0x0020334c        0x4 00
                0x00203350                __bss_end__ = .

.stack          0x00203350      0x380
                0x00203350                __stack_start__ = .
                0x002033d0                . = (. + IRQ_STACK_SIZE)
 *fill*         0x00203350       0x80 00
                0x002033d0                . = ALIGN (0x4)
                0x002033d0                __irq_stack_top__ = .
                0x00203450                . = (. + FIQ_STACK_SIZE)
 *fill*         0x002033d0       0x80 00
                0x00203450                . = ALIGN (0x4)
                0x00203450                __fiq_stack_top__ = .
                0x002034d0                . = (. + SVC_STACK_SIZE)
 *fill*         0x00203450       0x80 00
                0x002034d0                . = ALIGN (0x4)
                0x002034d0                __svc_stack_top__ = .
                0x002034d0                . = (. + ABT_STACK_SIZE)
                0x002034d0                . = ALIGN (0x4)
                0x002034d0                __abt_stack_top__ = .
                0x002034d0                . = (. + UND_STACK_SIZE)
                0x002034d0                . = ALIGN (0x4)
                0x002034d0                __und_stack_top__ = .
                0x002036d0                . = (. + C_STACK_SIZE)
 *fill*         0x002034d0      0x200 00
                0x002036d0                . = ALIGN (0x4)
                0x002036d0                __c_stack_top__ = .
                0x002036d0                __stack_end__ = .
                0x002036d0                _end = .
                0x002036d0                __end = .
                0x002036d0                PROVIDE (end, .)

.stab
 *(.stab)

.stabstr
 *(.stabstr)

.debug
 *(.debug)

.line
 *(.line)

.debug_srcinfo
 *(.debug_srcinfo)

.debug_sfnames
 *(.debug_sfnames)

.debug_aranges  0x00000000      0x640
 *(.debug_aranges)
 .debug_aranges
                0x00000000       0x20 ./SRC/startup.o
 .debug_aranges
                0x00000020       0x20 ./SRC/low_level_init.o
 .debug_aranges
                0x00000040       0x20 ./SRC/main.o
 .debug_aranges
                0x00000060       0x20 ./SRC/RTOS/port.o
 .debug_aranges
                0x00000080       0x20 ./SRC/RTOS/portISR.o
 .debug_aranges
                0x000000a0       0x20 ./SRC/RTOS/croutine.o
 .debug_aranges
                0x000000c0       0x20 ./SRC/RTOS/heap_2.o
 .debug_aranges
                0x000000e0       0x20 ./SRC/RTOS/list.o
 .debug_aranges
                0x00000100       0x20 ./SRC/RTOS/queue.o
 .debug_aranges
                0x00000120       0x20 ./SRC/RTOS/tasks.o
 .debug_aranges
                0x00000140       0x20 d:/programy/mikrokontrolery/arm/yagarto/bin/../lib/gcc/arm-elf/4.3.3/../../../../arm-elf/lib\libc.a(lib_a-memcpy.o)
 .debug_aranges
                0x00000160       0x20 d:/programy/mikrokontrolery/arm/yagarto/bin/../lib/gcc/arm-elf/4.3.3/../../../../arm-elf/lib\libc.a(lib_a-memset.o)
 .debug_aranges
                0x00000180       0x20 d:/programy/mikrokontrolery/arm/yagarto/bin/../lib/gcc/arm-elf/4.3.3/../../../../arm-elf/lib\libc.a(lib_a-sprintf.o)
 .debug_aranges
                0x000001a0       0x20 d:/programy/mikrokontrolery/arm/yagarto/bin/../lib/gcc/arm-elf/4.3.3/../../../../arm-elf/lib\libc.a(lib_a-strcat.o)
 .debug_aranges
                0x000001c0       0x20 d:/programy/mikrokontrolery/arm/yagarto/bin/../lib/gcc/arm-elf/4.3.3/../../../../arm-elf/lib\libc.a(lib_a-strcpy.o)
 .debug_aranges
                0x000001e0       0x20 d:/programy/mikrokontrolery/arm/yagarto/bin/../lib/gcc/arm-elf/4.3.3/../../../../arm-elf/lib\libc.a(lib_a-strlen.o)
 .debug_aranges
                0x00000200       0x20 d:/programy/mikrokontrolery/arm/yagarto/bin/../lib/gcc/arm-elf/4.3.3/../../../../arm-elf/lib\libc.a(lib_a-strncpy.o)
 .debug_aranges
                0x00000220       0x20 d:/programy/mikrokontrolery/arm/yagarto/bin/../lib/gcc/arm-elf/4.3.3/../../../../arm-elf/lib\libc.a(lib_a-svfprintf.o)
 .debug_aranges
                0x00000240       0x20 d:/programy/mikrokontrolery/arm/yagarto/bin/../lib/gcc/arm-elf/4.3.3/../../../../arm-elf/lib\libc.a(lib_a-dtoa.o)
 .debug_aranges
                0x00000260       0x20 d:/programy/mikrokontrolery/arm/yagarto/bin/../lib/gcc/arm-elf/4.3.3/../../../../arm-elf/lib\libc.a(lib_a-freer.o)
 .debug_aranges
                0x00000280       0x20 d:/programy/mikrokontrolery/arm/yagarto/bin/../lib/gcc/arm-elf/4.3.3/../../../../arm-elf/lib\libc.a(lib_a-locale.o)
 .debug_aranges
                0x000002a0       0x20 d:/programy/mikrokontrolery/arm/yagarto/bin/../lib/gcc/arm-elf/4.3.3/../../../../arm-elf/lib\libc.a(lib_a-mallocr.o)
 .debug_aranges
                0x000002c0       0x20 d:/programy/mikrokontrolery/arm/yagarto/bin/../lib/gcc/arm-elf/4.3.3/../../../../arm-elf/lib\libc.a(lib_a-memchr.o)
 .debug_aranges
                0x000002e0       0x20 d:/programy/mikrokontrolery/arm/yagarto/bin/../lib/gcc/arm-elf/4.3.3/../../../../arm-elf/lib\libc.a(lib_a-memmove.o)
 .debug_aranges
                0x00000300       0x20 d:/programy/mikrokontrolery/arm/yagarto/bin/../lib/gcc/arm-elf/4.3.3/../../../../arm-elf/lib\libc.a(lib_a-mlock.o)
 .debug_aranges
                0x00000320       0x20 d:/programy/mikrokontrolery/arm/yagarto/bin/../lib/gcc/arm-elf/4.3.3/../../../../arm-elf/lib\libc.a(lib_a-mprec.o)
 .debug_aranges
                0x00000340       0x20 d:/programy/mikrokontrolery/arm/yagarto/bin/../lib/gcc/arm-elf/4.3.3/../../../../arm-elf/lib\libc.a(lib_a-reallocr.o)
 .debug_aranges
                0x00000360       0x20 d:/programy/mikrokontrolery/arm/yagarto/bin/../lib/gcc/arm-elf/4.3.3/../../../../arm-elf/lib\libc.a(lib_a-s_isinfd.o)
 .debug_aranges
                0x00000380       0x20 d:/programy/mikrokontrolery/arm/yagarto/bin/../lib/gcc/arm-elf/4.3.3/../../../../arm-elf/lib\libc.a(lib_a-s_isnand.o)
 .debug_aranges
                0x000003a0       0x20 d:/programy/mikrokontrolery/arm/yagarto/bin/../lib/gcc/arm-elf/4.3.3/../../../../arm-elf/lib\libc.a(lib_a-sbrkr.o)
 .debug_aranges
                0x000003c0       0x20 d:/programy/mikrokontrolery/arm/yagarto/bin/../lib/gcc/arm-elf/4.3.3/../../../../arm-elf/lib\libc.a(lib_a-strcmp.o)
 .debug_aranges
                0x000003e0       0x20 d:/programy/mikrokontrolery/arm/yagarto/bin/../lib/gcc/arm-elf/4.3.3/../../../../arm-elf/lib\libc.a(lib_a-syscalls.o)
 .debug_aranges
                0x00000400       0x20 d:/programy/mikrokontrolery/arm/yagarto/bin/../lib/gcc/arm-elf/4.3.3/../../../../arm-elf/lib\libc.a(lib_a-callocr.o)
 .debug_aranges
                0x00000420       0x20 d:/programy/mikrokontrolery/arm/yagarto/bin/../lib/gcc/arm-elf/4.3.3/../../../../arm-elf/lib\libc.a(lib_a-errno.o)
 .debug_aranges
                0x00000440       0x20 d:/programy/mikrokontrolery/arm/yagarto/bin/../lib/gcc/arm-elf/4.3.3/../../../../arm-elf/lib\libc.a(lib_a-findfp.o)
 .debug_aranges
                0x00000460       0x20 d:/programy/mikrokontrolery/arm/yagarto/bin/../lib/gcc/arm-elf/4.3.3/../../../../arm-elf/lib\libc.a(lib_a-fwalk.o)
 .debug_aranges
                0x00000480       0x20 d:/programy/mikrokontrolery/arm/yagarto/bin/../lib/gcc/arm-elf/4.3.3/../../../../arm-elf/lib\libc.a(lib_a-reent.o)
 .debug_aranges
                0x000004a0       0x20 d:/programy/mikrokontrolery/arm/yagarto/bin/../lib/gcc/arm-elf/4.3.3/../../../../arm-elf/lib\libc.a(lib_a-stdio.o)
 .debug_aranges
                0x000004c0       0x20 d:/programy/mikrokontrolery/arm/yagarto/bin/../lib/gcc/arm-elf/4.3.3/../../../../arm-elf/lib\libc.a(lib_a-writer.o)
 .debug_aranges
                0x000004e0       0x20 d:/programy/mikrokontrolery/arm/yagarto/bin/../lib/gcc/arm-elf/4.3.3/../../../../arm-elf/lib\libc.a(lib_a-closer.o)
 .debug_aranges
                0x00000500       0x20 d:/programy/mikrokontrolery/arm/yagarto/bin/../lib/gcc/arm-elf/4.3.3/../../../../arm-elf/lib\libc.a(lib_a-fclose.o)
 .debug_aranges
                0x00000520       0x20 d:/programy/mikrokontrolery/arm/yagarto/bin/../lib/gcc/arm-elf/4.3.3/../../../../arm-elf/lib\libc.a(lib_a-fflush.o)
 .debug_aranges
                0x00000540       0x20 d:/programy/mikrokontrolery/arm/yagarto/bin/../lib/gcc/arm-elf/4.3.3/../../../../arm-elf/lib\libc.a(lib_a-lseekr.o)
 .debug_aranges
                0x00000560       0x20 d:/programy/mikrokontrolery/arm/yagarto/bin/../lib/gcc/arm-elf/4.3.3/../../../../arm-elf/lib\libc.a(lib_a-readr.o)
 .debug_aranges
                0x00000580       0x20 d:/programy/mikrokontrolery/arm/yagarto/bin/../lib/gcc/arm-elf/4.3.3\libgcc.a(_udivsi3.o)
 .debug_aranges
                0x000005a0       0x20 d:/programy/mikrokontrolery/arm/yagarto/bin/../lib/gcc/arm-elf/4.3.3\libgcc.a(_dvmd_tls.o)
 .debug_aranges
                0x000005c0       0x20 d:/programy/mikrokontrolery/arm/yagarto/bin/../lib/gcc/arm-elf/4.3.3\libgcc.a(_addsubdf3.o)
 .debug_aranges
                0x000005e0       0x20 d:/programy/mikrokontrolery/arm/yagarto/bin/../lib/gcc/arm-elf/4.3.3\libgcc.a(_muldivdf3.o)
 .debug_aranges
                0x00000600       0x20 d:/programy/mikrokontrolery/arm/yagarto/bin/../lib/gcc/arm-elf/4.3.3\libgcc.a(_cmpdf2.o)
 .debug_aranges
                0x00000620       0x20 d:/programy/mikrokontrolery/arm/yagarto/bin/../lib/gcc/arm-elf/4.3.3\libgcc.a(_fixdfsi.o)

.debug_pubnames
                0x00000000     0x1018
 *(.debug_pubnames)
 .debug_pubnames
                0x00000000       0x25 ./SRC/low_level_init.o
 .debug_pubnames
                0x00000025       0x1b ./SRC/main.o
 .debug_pubnames
                0x00000040       0x5a ./SRC/RTOS/port.o
 .debug_pubnames
                0x0000009a       0xe3 ./SRC/RTOS/portISR.o
 .debug_pubnames
                0x0000017d       0x96 ./SRC/RTOS/croutine.o
 .debug_pubnames
                0x00000213       0x64 ./SRC/RTOS/heap_2.o
 .debug_pubnames
                0x00000277       0x71 ./SRC/RTOS/list.o
 .debug_pubnames
                0x000002e8      0x127 ./SRC/RTOS/queue.o
 .debug_pubnames
                0x0000040f      0x2a3 ./SRC/RTOS/tasks.o
 .debug_pubnames
                0x000006b2       0x1d d:/programy/mikrokontrolery/arm/yagarto/bin/../lib/gcc/arm-elf/4.3.3/../../../../arm-elf/lib\libc.a(lib_a-memcpy.o)
 .debug_pubnames
                0x000006cf       0x1d d:/programy/mikrokontrolery/arm/yagarto/bin/../lib/gcc/arm-elf/4.3.3/../../../../arm-elf/lib\libc.a(lib_a-memset.o)
 .debug_pubnames
                0x000006ec       0x2d d:/programy/mikrokontrolery/arm/yagarto/bin/../lib/gcc/arm-elf/4.3.3/../../../../arm-elf/lib\libc.a(lib_a-sprintf.o)
 .debug_pubnames
                0x00000719       0x1d d:/programy/mikrokontrolery/arm/yagarto/bin/../lib/gcc/arm-elf/4.3.3/../../../../arm-elf/lib\libc.a(lib_a-strcat.o)
 .debug_pubnames
                0x00000736       0x1d d:/programy/mikrokontrolery/arm/yagarto/bin/../lib/gcc/arm-elf/4.3.3/../../../../arm-elf/lib\libc.a(lib_a-strcpy.o)
 .debug_pubnames
                0x00000753       0x1d d:/programy/mikrokontrolery/arm/yagarto/bin/../lib/gcc/arm-elf/4.3.3/../../../../arm-elf/lib\libc.a(lib_a-strlen.o)
 .debug_pubnames
                0x00000770       0x1e d:/programy/mikrokontrolery/arm/yagarto/bin/../lib/gcc/arm-elf/4.3.3/../../../../arm-elf/lib\libc.a(lib_a-strncpy.o)
 .debug_pubnames
                0x0000078e       0x23 d:/programy/mikrokontrolery/arm/yagarto/bin/../lib/gcc/arm-elf/4.3.3/../../../../arm-elf/lib\libc.a(lib_a-svfprintf.o)
 .debug_pubnames
                0x000007b1       0x1e d:/programy/mikrokontrolery/arm/yagarto/bin/../lib/gcc/arm-elf/4.3.3/../../../../arm-elf/lib\libc.a(lib_a-dtoa.o)
 .debug_pubnames
                0x000007cf       0x31 d:/programy/mikrokontrolery/arm/yagarto/bin/../lib/gcc/arm-elf/4.3.3/../../../../arm-elf/lib\libc.a(lib_a-freer.o)
 .debug_pubnames
                0x00000800       0x39 d:/programy/mikrokontrolery/arm/yagarto/bin/../lib/gcc/arm-elf/4.3.3/../../../../arm-elf/lib\libc.a(lib_a-impure.o)
 .debug_pubnames
                0x00000839       0xc3 d:/programy/mikrokontrolery/arm/yagarto/bin/../lib/gcc/arm-elf/4.3.3/../../../../arm-elf/lib\libc.a(lib_a-locale.o)
 .debug_pubnames
                0x000008fc       0xce d:/programy/mikrokontrolery/arm/yagarto/bin/../lib/gcc/arm-elf/4.3.3/../../../../arm-elf/lib\libc.a(lib_a-mallocr.o)
 .debug_pubnames
                0x000009ca       0x1d d:/programy/mikrokontrolery/arm/yagarto/bin/../lib/gcc/arm-elf/4.3.3/../../../../arm-elf/lib\libc.a(lib_a-memchr.o)
 .debug_pubnames
                0x000009e7       0x1e d:/programy/mikrokontrolery/arm/yagarto/bin/../lib/gcc/arm-elf/4.3.3/../../../../arm-elf/lib\libc.a(lib_a-memmove.o)
 .debug_pubnames
                0x00000a05       0x38 d:/programy/mikrokontrolery/arm/yagarto/bin/../lib/gcc/arm-elf/4.3.3/../../../../arm-elf/lib\libc.a(lib_a-mlock.o)
 .debug_pubnames
                0x00000a3d      0x13a d:/programy/mikrokontrolery/arm/yagarto/bin/../lib/gcc/arm-elf/4.3.3/../../../../arm-elf/lib\libc.a(lib_a-mprec.o)
 .debug_pubnames
                0x00000b77       0x21 d:/programy/mikrokontrolery/arm/yagarto/bin/../lib/gcc/arm-elf/4.3.3/../../../../arm-elf/lib\libc.a(lib_a-reallocr.o)
 .debug_pubnames
                0x00000b98       0x1f d:/programy/mikrokontrolery/arm/yagarto/bin/../lib/gcc/arm-elf/4.3.3/../../../../arm-elf/lib\libc.a(lib_a-s_isinfd.o)
 .debug_pubnames
                0x00000bb7       0x1f d:/programy/mikrokontrolery/arm/yagarto/bin/../lib/gcc/arm-elf/4.3.3/../../../../arm-elf/lib\libc.a(lib_a-s_isnand.o)
 .debug_pubnames
                0x00000bd6       0x1e d:/programy/mikrokontrolery/arm/yagarto/bin/../lib/gcc/arm-elf/4.3.3/../../../../arm-elf/lib\libc.a(lib_a-sbrkr.o)
 .debug_pubnames
                0x00000bf4       0x1d d:/programy/mikrokontrolery/arm/yagarto/bin/../lib/gcc/arm-elf/4.3.3/../../../../arm-elf/lib\libc.a(lib_a-strcmp.o)
 .debug_pubnames
                0x00000c11      0x159 d:/programy/mikrokontrolery/arm/yagarto/bin/../lib/gcc/arm-elf/4.3.3/../../../../arm-elf/lib\libc.a(lib_a-syscalls.o)
 .debug_pubnames
                0x00000d6a       0x20 d:/programy/mikrokontrolery/arm/yagarto/bin/../lib/gcc/arm-elf/4.3.3/../../../../arm-elf/lib\libc.a(lib_a-callocr.o)
 .debug_pubnames
                0x00000d8a       0x1e d:/programy/mikrokontrolery/arm/yagarto/bin/../lib/gcc/arm-elf/4.3.3/../../../../arm-elf/lib\libc.a(lib_a-errno.o)
 .debug_pubnames
                0x00000da8       0xdb d:/programy/mikrokontrolery/arm/yagarto/bin/../lib/gcc/arm-elf/4.3.3/../../../../arm-elf/lib\libc.a(lib_a-findfp.o)
 .debug_pubnames
                0x00000e83       0x2e d:/programy/mikrokontrolery/arm/yagarto/bin/../lib/gcc/arm-elf/4.3.3/../../../../arm-elf/lib\libc.a(lib_a-fwalk.o)
 .debug_pubnames
                0x00000eb1       0x52 d:/programy/mikrokontrolery/arm/yagarto/bin/../lib/gcc/arm-elf/4.3.3/../../../../arm-elf/lib\libc.a(lib_a-reent.o)
 .debug_pubnames
                0x00000f03       0x44 d:/programy/mikrokontrolery/arm/yagarto/bin/../lib/gcc/arm-elf/4.3.3/../../../../arm-elf/lib\libc.a(lib_a-stdio.o)
 .debug_pubnames
                0x00000f47       0x1f d:/programy/mikrokontrolery/arm/yagarto/bin/../lib/gcc/arm-elf/4.3.3/../../../../arm-elf/lib\libc.a(lib_a-writer.o)
 .debug_pubnames
                0x00000f66       0x1f d:/programy/mikrokontrolery/arm/yagarto/bin/../lib/gcc/arm-elf/4.3.3/../../../../arm-elf/lib\libc.a(lib_a-closer.o)
 .debug_pubnames
                0x00000f85       0x2b d:/programy/mikrokontrolery/arm/yagarto/bin/../lib/gcc/arm-elf/4.3.3/../../../../arm-elf/lib\libc.a(lib_a-fclose.o)
 .debug_pubnames
                0x00000fb0       0x2b d:/programy/mikrokontrolery/arm/yagarto/bin/../lib/gcc/arm-elf/4.3.3/../../../../arm-elf/lib\libc.a(lib_a-fflush.o)
 .debug_pubnames
                0x00000fdb       0x1f d:/programy/mikrokontrolery/arm/yagarto/bin/../lib/gcc/arm-elf/4.3.3/../../../../arm-elf/lib\libc.a(lib_a-lseekr.o)
 .debug_pubnames
                0x00000ffa       0x1e d:/programy/mikrokontrolery/arm/yagarto/bin/../lib/gcc/arm-elf/4.3.3/../../../../arm-elf/lib\libc.a(lib_a-readr.o)

.debug_info     0x00000000    0x158f4
 *(.debug_info .gnu.linkonce.wi.*)
 .debug_info    0x00000000       0x60 ./SRC/startup.o
 .debug_info    0x00000060      0x4bb ./SRC/low_level_init.o
 .debug_info    0x0000051b       0x8d ./SRC/main.o
 .debug_info    0x000005a8       0x30 ./SRC/RTOS/lib_AT91SAM7X256.o
 .debug_info    0x000005d8      0x336 ./SRC/RTOS/port.o
 .debug_info    0x0000090e      0x2f9 ./SRC/RTOS/portISR.o
 .debug_info    0x00000c07      0x4cc ./SRC/RTOS/croutine.o
 .debug_info    0x000010d3      0x2b6 ./SRC/RTOS/heap_2.o
 .debug_info    0x00001389      0x2ad ./SRC/RTOS/list.o
 .debug_info    0x00001636      0x754 ./SRC/RTOS/queue.o
 .debug_info    0x00001d8a      0xf03 ./SRC/RTOS/tasks.o
 .debug_info    0x00002c8d      0x142 d:/programy/mikrokontrolery/arm/yagarto/bin/../lib/gcc/arm-elf/4.3.3/../../../../arm-elf/lib\libc.a(lib_a-memcpy.o)
 .debug_info    0x00002dcf      0x115 d:/programy/mikrokontrolery/arm/yagarto/bin/../lib/gcc/arm-elf/4.3.3/../../../../arm-elf/lib\libc.a(lib_a-memset.o)
 .debug_info    0x00002ee4      0xa38 d:/programy/mikrokontrolery/arm/yagarto/bin/../lib/gcc/arm-elf/4.3.3/../../../../arm-elf/lib\libc.a(lib_a-sprintf.o)
 .debug_info    0x0000391c       0xe9 d:/programy/mikrokontrolery/arm/yagarto/bin/../lib/gcc/arm-elf/4.3.3/../../../../arm-elf/lib\libc.a(lib_a-strcat.o)
 .debug_info    0x00003a05      0x10e d:/programy/mikrokontrolery/arm/yagarto/bin/../lib/gcc/arm-elf/4.3.3/../../../../arm-elf/lib\libc.a(lib_a-strcpy.o)
 .debug_info    0x00003b13       0xd7 d:/programy/mikrokontrolery/arm/yagarto/bin/../lib/gcc/arm-elf/4.3.3/../../../../arm-elf/lib\libc.a(lib_a-strlen.o)
 .debug_info    0x00003bea      0x12a d:/programy/mikrokontrolery/arm/yagarto/bin/../lib/gcc/arm-elf/4.3.3/../../../../arm-elf/lib\libc.a(lib_a-strncpy.o)
 .debug_info    0x00003d14     0x1038 d:/programy/mikrokontrolery/arm/yagarto/bin/../lib/gcc/arm-elf/4.3.3/../../../../arm-elf/lib\libc.a(lib_a-svfprintf.o)
 .debug_info    0x00004d4c      0xd92 d:/programy/mikrokontrolery/arm/yagarto/bin/../lib/gcc/arm-elf/4.3.3/../../../../arm-elf/lib\libc.a(lib_a-dtoa.o)
 .debug_info    0x00005ade      0xbeb d:/programy/mikrokontrolery/arm/yagarto/bin/../lib/gcc/arm-elf/4.3.3/../../../../arm-elf/lib\libc.a(lib_a-freer.o)
 .debug_info    0x000066c9      0x965 d:/programy/mikrokontrolery/arm/yagarto/bin/../lib/gcc/arm-elf/4.3.3/../../../../arm-elf/lib\libc.a(lib_a-impure.o)
 .debug_info    0x0000702e      0xbd5 d:/programy/mikrokontrolery/arm/yagarto/bin/../lib/gcc/arm-elf/4.3.3/../../../../arm-elf/lib\libc.a(lib_a-locale.o)
 .debug_info    0x00007c03      0xcf6 d:/programy/mikrokontrolery/arm/yagarto/bin/../lib/gcc/arm-elf/4.3.3/../../../../arm-elf/lib\libc.a(lib_a-mallocr.o)
 .debug_info    0x000088f9      0x125 d:/programy/mikrokontrolery/arm/yagarto/bin/../lib/gcc/arm-elf/4.3.3/../../../../arm-elf/lib\libc.a(lib_a-memchr.o)
 .debug_info    0x00008a1e      0x142 d:/programy/mikrokontrolery/arm/yagarto/bin/../lib/gcc/arm-elf/4.3.3/../../../../arm-elf/lib\libc.a(lib_a-memmove.o)
 .debug_info    0x00008b60      0x97f d:/programy/mikrokontrolery/arm/yagarto/bin/../lib/gcc/arm-elf/4.3.3/../../../../arm-elf/lib\libc.a(lib_a-mlock.o)
 .debug_info    0x000094df     0x150a d:/programy/mikrokontrolery/arm/yagarto/bin/../lib/gcc/arm-elf/4.3.3/../../../../arm-elf/lib\libc.a(lib_a-mprec.o)
 .debug_info    0x0000a9e9      0xbdf d:/programy/mikrokontrolery/arm/yagarto/bin/../lib/gcc/arm-elf/4.3.3/../../../../arm-elf/lib\libc.a(lib_a-reallocr.o)
 .debug_info    0x0000b5c8      0x14d d:/programy/mikrokontrolery/arm/yagarto/bin/../lib/gcc/arm-elf/4.3.3/../../../../arm-elf/lib\libc.a(lib_a-s_isinfd.o)
 .debug_info    0x0000b715      0x14b d:/programy/mikrokontrolery/arm/yagarto/bin/../lib/gcc/arm-elf/4.3.3/../../../../arm-elf/lib\libc.a(lib_a-s_isnand.o)
 .debug_info    0x0000b860      0x98e d:/programy/mikrokontrolery/arm/yagarto/bin/../lib/gcc/arm-elf/4.3.3/../../../../arm-elf/lib\libc.a(lib_a-sbrkr.o)
 .debug_info    0x0000c1ee       0xdb d:/programy/mikrokontrolery/arm/yagarto/bin/../lib/gcc/arm-elf/4.3.3/../../../../arm-elf/lib\libc.a(lib_a-strcmp.o)
 .debug_info    0x0000c2c9     0x189a d:/programy/mikrokontrolery/arm/yagarto/bin/../lib/gcc/arm-elf/4.3.3/../../../../arm-elf/lib\libc.a(lib_a-syscalls.o)
 .debug_info    0x0000db63      0xa41 d:/programy/mikrokontrolery/arm/yagarto/bin/../lib/gcc/arm-elf/4.3.3/../../../../arm-elf/lib\libc.a(lib_a-callocr.o)
 .debug_info    0x0000e5a4      0x956 d:/programy/mikrokontrolery/arm/yagarto/bin/../lib/gcc/arm-elf/4.3.3/../../../../arm-elf/lib\libc.a(lib_a-errno.o)
 .debug_info    0x0000eefa      0xbe3 d:/programy/mikrokontrolery/arm/yagarto/bin/../lib/gcc/arm-elf/4.3.3/../../../../arm-elf/lib\libc.a(lib_a-findfp.o)
 .debug_info    0x0000fadd      0xb0d d:/programy/mikrokontrolery/arm/yagarto/bin/../lib/gcc/arm-elf/4.3.3/../../../../arm-elf/lib\libc.a(lib_a-fwalk.o)
 .debug_info    0x000105ea      0xa48 d:/programy/mikrokontrolery/arm/yagarto/bin/../lib/gcc/arm-elf/4.3.3/../../../../arm-elf/lib\libc.a(lib_a-reent.o)
 .debug_info    0x00011032      0xad6 d:/programy/mikrokontrolery/arm/yagarto/bin/../lib/gcc/arm-elf/4.3.3/../../../../arm-elf/lib\libc.a(lib_a-stdio.o)
 .debug_info    0x00011b08      0x9bd d:/programy/mikrokontrolery/arm/yagarto/bin/../lib/gcc/arm-elf/4.3.3/../../../../arm-elf/lib\libc.a(lib_a-writer.o)
 .debug_info    0x000124c5      0x982 d:/programy/mikrokontrolery/arm/yagarto/bin/../lib/gcc/arm-elf/4.3.3/../../../../arm-elf/lib\libc.a(lib_a-closer.o)
 .debug_info    0x00012e47      0x9ba d:/programy/mikrokontrolery/arm/yagarto/bin/../lib/gcc/arm-elf/4.3.3/../../../../arm-elf/lib\libc.a(lib_a-fclose.o)
 .debug_info    0x00013801      0xa1e d:/programy/mikrokontrolery/arm/yagarto/bin/../lib/gcc/arm-elf/4.3.3/../../../../arm-elf/lib\libc.a(lib_a-fflush.o)
 .debug_info    0x0001421f      0x9ab d:/programy/mikrokontrolery/arm/yagarto/bin/../lib/gcc/arm-elf/4.3.3/../../../../arm-elf/lib\libc.a(lib_a-lseekr.o)
 .debug_info    0x00014bca      0x9b6 d:/programy/mikrokontrolery/arm/yagarto/bin/../lib/gcc/arm-elf/4.3.3/../../../../arm-elf/lib\libc.a(lib_a-readr.o)
 .debug_info    0x00015580       0x94 d:/programy/mikrokontrolery/arm/yagarto/bin/../lib/gcc/arm-elf/4.3.3\libgcc.a(_udivsi3.o)
 .debug_info    0x00015614       0x94 d:/programy/mikrokontrolery/arm/yagarto/bin/../lib/gcc/arm-elf/4.3.3\libgcc.a(_dvmd_tls.o)
 .debug_info    0x000156a8       0x93 d:/programy/mikrokontrolery/arm/yagarto/bin/../lib/gcc/arm-elf/4.3.3\libgcc.a(_addsubdf3.o)
 .debug_info    0x0001573b       0x93 d:/programy/mikrokontrolery/arm/yagarto/bin/../lib/gcc/arm-elf/4.3.3\libgcc.a(_muldivdf3.o)
 .debug_info    0x000157ce       0x93 d:/programy/mikrokontrolery/arm/yagarto/bin/../lib/gcc/arm-elf/4.3.3\libgcc.a(_cmpdf2.o)
 .debug_info    0x00015861       0x93 d:/programy/mikrokontrolery/arm/yagarto/bin/../lib/gcc/arm-elf/4.3.3\libgcc.a(_fixdfsi.o)

.debug_abbrev   0x00000000     0x423f
 *(.debug_abbrev)
 .debug_abbrev  0x00000000       0x14 ./SRC/startup.o
 .debug_abbrev  0x00000014       0xd3 ./SRC/low_level_init.o
 .debug_abbrev  0x000000e7       0x4a ./SRC/main.o
 .debug_abbrev  0x00000131       0x28 ./SRC/RTOS/lib_AT91SAM7X256.o
 .debug_abbrev  0x00000159      0x141 ./SRC/RTOS/port.o
 .debug_abbrev  0x0000029a       0xe2 ./SRC/RTOS/portISR.o
 .debug_abbrev  0x0000037c      0x187 ./SRC/RTOS/croutine.o
 .debug_abbrev  0x00000503      0x165 ./SRC/RTOS/heap_2.o
 .debug_abbrev  0x00000668       0xc8 ./SRC/RTOS/list.o
 .debug_abbrev  0x00000730      0x152 ./SRC/RTOS/queue.o
 .debug_abbrev  0x00000882      0x196 ./SRC/RTOS/tasks.o
 .debug_abbrev  0x00000a18       0xa2 d:/programy/mikrokontrolery/arm/yagarto/bin/../lib/gcc/arm-elf/4.3.3/../../../../arm-elf/lib\libc.a(lib_a-memcpy.o)
 .debug_abbrev  0x00000aba       0xa3 d:/programy/mikrokontrolery/arm/yagarto/bin/../lib/gcc/arm-elf/4.3.3/../../../../arm-elf/lib\libc.a(lib_a-memset.o)
 .debug_abbrev  0x00000b5d      0x1b2 d:/programy/mikrokontrolery/arm/yagarto/bin/../lib/gcc/arm-elf/4.3.3/../../../../arm-elf/lib\libc.a(lib_a-sprintf.o)
 .debug_abbrev  0x00000d0f       0x90 d:/programy/mikrokontrolery/arm/yagarto/bin/../lib/gcc/arm-elf/4.3.3/../../../../arm-elf/lib\libc.a(lib_a-strcat.o)
 .debug_abbrev  0x00000d9f       0x98 d:/programy/mikrokontrolery/arm/yagarto/bin/../lib/gcc/arm-elf/4.3.3/../../../../arm-elf/lib\libc.a(lib_a-strcpy.o)
 .debug_abbrev  0x00000e37       0x94 d:/programy/mikrokontrolery/arm/yagarto/bin/../lib/gcc/arm-elf/4.3.3/../../../../arm-elf/lib\libc.a(lib_a-strlen.o)
 .debug_abbrev  0x00000ecb       0x96 d:/programy/mikrokontrolery/arm/yagarto/bin/../lib/gcc/arm-elf/4.3.3/../../../../arm-elf/lib\libc.a(lib_a-strncpy.o)
 .debug_abbrev  0x00000f61      0x334 d:/programy/mikrokontrolery/arm/yagarto/bin/../lib/gcc/arm-elf/4.3.3/../../../../arm-elf/lib\libc.a(lib_a-svfprintf.o)
 .debug_abbrev  0x00001295      0x22c d:/programy/mikrokontrolery/arm/yagarto/bin/../lib/gcc/arm-elf/4.3.3/../../../../arm-elf/lib\libc.a(lib_a-dtoa.o)
 .debug_abbrev  0x000014c1      0x200 d:/programy/mikrokontrolery/arm/yagarto/bin/../lib/gcc/arm-elf/4.3.3/../../../../arm-elf/lib\libc.a(lib_a-freer.o)
 .debug_abbrev  0x000016c1      0x160 d:/programy/mikrokontrolery/arm/yagarto/bin/../lib/gcc/arm-elf/4.3.3/../../../../arm-elf/lib\libc.a(lib_a-impure.o)
 .debug_abbrev  0x00001821      0x22a d:/programy/mikrokontrolery/arm/yagarto/bin/../lib/gcc/arm-elf/4.3.3/../../../../arm-elf/lib\libc.a(lib_a-locale.o)
 .debug_abbrev  0x00001a4b      0x22e d:/programy/mikrokontrolery/arm/yagarto/bin/../lib/gcc/arm-elf/4.3.3/../../../../arm-elf/lib\libc.a(lib_a-mallocr.o)
 .debug_abbrev  0x00001c79       0xcd d:/programy/mikrokontrolery/arm/yagarto/bin/../lib/gcc/arm-elf/4.3.3/../../../../arm-elf/lib\libc.a(lib_a-memchr.o)
 .debug_abbrev  0x00001d46       0xa2 d:/programy/mikrokontrolery/arm/yagarto/bin/../lib/gcc/arm-elf/4.3.3/../../../../arm-elf/lib\libc.a(lib_a-memmove.o)
 .debug_abbrev  0x00001de8      0x173 d:/programy/mikrokontrolery/arm/yagarto/bin/../lib/gcc/arm-elf/4.3.3/../../../../arm-elf/lib\libc.a(lib_a-mlock.o)
 .debug_abbrev  0x00001f5b      0x344 d:/programy/mikrokontrolery/arm/yagarto/bin/../lib/gcc/arm-elf/4.3.3/../../../../arm-elf/lib\libc.a(lib_a-mprec.o)
 .debug_abbrev  0x0000229f      0x1ef d:/programy/mikrokontrolery/arm/yagarto/bin/../lib/gcc/arm-elf/4.3.3/../../../../arm-elf/lib\libc.a(lib_a-reallocr.o)
 .debug_abbrev  0x0000248e       0xdd d:/programy/mikrokontrolery/arm/yagarto/bin/../lib/gcc/arm-elf/4.3.3/../../../../arm-elf/lib\libc.a(lib_a-s_isinfd.o)
 .debug_abbrev  0x0000256b       0xce d:/programy/mikrokontrolery/arm/yagarto/bin/../lib/gcc/arm-elf/4.3.3/../../../../arm-elf/lib\libc.a(lib_a-s_isnand.o)
 .debug_abbrev  0x00002639      0x197 d:/programy/mikrokontrolery/arm/yagarto/bin/../lib/gcc/arm-elf/4.3.3/../../../../arm-elf/lib\libc.a(lib_a-sbrkr.o)
 .debug_abbrev  0x000027d0       0x7a d:/programy/mikrokontrolery/arm/yagarto/bin/../lib/gcc/arm-elf/4.3.3/../../../../arm-elf/lib\libc.a(lib_a-strcmp.o)
 .debug_abbrev  0x0000284a      0x450 d:/programy/mikrokontrolery/arm/yagarto/bin/../lib/gcc/arm-elf/4.3.3/../../../../arm-elf/lib\libc.a(lib_a-syscalls.o)
 .debug_abbrev  0x00002c9a      0x1d0 d:/programy/mikrokontrolery/arm/yagarto/bin/../lib/gcc/arm-elf/4.3.3/../../../../arm-elf/lib\libc.a(lib_a-callocr.o)
 .debug_abbrev  0x00002e6a      0x168 d:/programy/mikrokontrolery/arm/yagarto/bin/../lib/gcc/arm-elf/4.3.3/../../../../arm-elf/lib\libc.a(lib_a-errno.o)
 .debug_abbrev  0x00002fd2      0x2aa d:/programy/mikrokontrolery/arm/yagarto/bin/../lib/gcc/arm-elf/4.3.3/../../../../arm-elf/lib\libc.a(lib_a-findfp.o)
 .debug_abbrev  0x0000327c      0x1ee d:/programy/mikrokontrolery/arm/yagarto/bin/../lib/gcc/arm-elf/4.3.3/../../../../arm-elf/lib\libc.a(lib_a-fwalk.o)
 .debug_abbrev  0x0000346a      0x1f2 d:/programy/mikrokontrolery/arm/yagarto/bin/../lib/gcc/arm-elf/4.3.3/../../../../arm-elf/lib\libc.a(lib_a-reent.o)
 .debug_abbrev  0x0000365c      0x1c3 d:/programy/mikrokontrolery/arm/yagarto/bin/../lib/gcc/arm-elf/4.3.3/../../../../arm-elf/lib\libc.a(lib_a-stdio.o)